B:/Documents/Programowanie/STM32/embedded-vehicle-telemetry/Drivers/STM32U3xx_HAL_Driver/Src/stm32u3xx_hal_flash_ex.c:180:19:HAL_FLASHEx_Erase	32	static
B:/Documents/Programowanie/STM32/embedded-vehicle-telemetry/Drivers/STM32U3xx_HAL_Driver/Src/stm32u3xx_hal_flash_ex.c:254:19:HAL_FLASHEx_Erase_IT	24	static
B:/Documents/Programowanie/STM32/embedded-vehicle-telemetry/Drivers/STM32U3xx_HAL_Driver/Src/stm32u3xx_hal_flash_ex.c:322:19:HAL_FLASHEx_OBProgram	40	static
B:/Documents/Programowanie/STM32/embedded-vehicle-telemetry/Drivers/STM32U3xx_HAL_Driver/Src/stm32u3xx_hal_flash_ex.c:419:6:HAL_FLASHEx_OBGetConfig	16	static
B:/Documents/Programowanie/STM32/embedded-vehicle-telemetry/Drivers/STM32U3xx_HAL_Driver/Src/stm32u3xx_hal_flash_ex.c:478:19:HAL_FLASHEx_ConfigBBAttributes	24	static,ignoring_inline_asm
B:/Documents/Programowanie/STM32/embedded-vehicle-telemetry/Drivers/STM32U3xx_HAL_Driver/Src/stm32u3xx_hal_flash_ex.c:551:6:HAL_FLASHEx_GetConfigBBAttributes	24	static
B:/Documents/Programowanie/STM32/embedded-vehicle-telemetry/Drivers/STM32U3xx_HAL_Driver/Src/stm32u3xx_hal_flash_ex.c:742:6:HAL_FLASHEx_GetRDPKeyCRC	16	static
B:/Documents/Programowanie/STM32/embedded-vehicle-telemetry/Drivers/STM32U3xx_HAL_Driver/Src/stm32u3xx_hal_flash_ex.c:791:6:HAL_FLASHEx_ConfigPrivMode	16	static
B:/Documents/Programowanie/STM32/embedded-vehicle-telemetry/Drivers/STM32U3xx_HAL_Driver/Src/stm32u3xx_hal_flash_ex.c:811:10:HAL_FLASHEx_GetPrivMode	4	static
B:/Documents/Programowanie/STM32/embedded-vehicle-telemetry/Drivers/STM32U3xx_HAL_Driver/Src/stm32u3xx_hal_flash_ex.c:874:19:HAL_FLASHEx_EnablePowerDown	24	static
B:/Documents/Programowanie/STM32/embedded-vehicle-telemetry/Drivers/STM32U3xx_HAL_Driver/Src/stm32u3xx_hal_flash_ex.c:963:19:HAL_FLASHEx_ConfigLowPowerRead	24	static
B:/Documents/Programowanie/STM32/embedded-vehicle-telemetry/Drivers/STM32U3xx_HAL_Driver/Src/stm32u3xx_hal_flash_ex.c:990:10:HAL_FLASHEx_GetLowPowerRead	4	static
B:/Documents/Programowanie/STM32/embedded-vehicle-telemetry/Drivers/STM32U3xx_HAL_Driver/Src/stm32u3xx_hal_flash_ex.c:1004:6:HAL_FLASHEx_GetOperation	24	static
B:/Documents/Programowanie/STM32/embedded-vehicle-telemetry/Drivers/STM32U3xx_HAL_Driver/Src/stm32u3xx_hal_flash_ex.c:1044:6:HAL_FLASHEx_EnableEccCorrectionInterrupt	4	static
B:/Documents/Programowanie/STM32/embedded-vehicle-telemetry/Drivers/STM32U3xx_HAL_Driver/Src/stm32u3xx_hal_flash_ex.c:1054:6:HAL_FLASHEx_DisableEccCorrectionInterrupt	4	static
B:/Documents/Programowanie/STM32/embedded-vehicle-telemetry/Drivers/STM32U3xx_HAL_Driver/Src/stm32u3xx_hal_flash_ex.c:1070:6:HAL_FLASHEx_GetEccInfo	24	static
B:/Documents/Programowanie/STM32/embedded-vehicle-telemetry/Drivers/STM32U3xx_HAL_Driver/Src/stm32u3xx_hal_flash_ex.c:1120:6:HAL_FLASHEx_ECCD_IRQHandler	8	static
B:/Documents/Programowanie/STM32/embedded-vehicle-telemetry/Drivers/STM32U3xx_HAL_Driver/Src/stm32u3xx_hal_flash_ex.c:1138:13:HAL_FLASHEx_EccCorrectionCallback	4	static
B:/Documents/Programowanie/STM32/embedded-vehicle-telemetry/Drivers/STM32U3xx_HAL_Driver/Src/stm32u3xx_hal_flash_ex.c:1150:13:HAL_FLASHEx_EccDetectionCallback	4	static
B:/Documents/Programowanie/STM32/embedded-vehicle-telemetry/Drivers/STM32U3xx_HAL_Driver/Src/stm32u3xx_hal_flash_ex.c:1181:13:FLASH_MassErase	24	static
B:/Documents/Programowanie/STM32/embedded-vehicle-telemetry/Drivers/STM32U3xx_HAL_Driver/Src/stm32u3xx_hal_flash_ex.c:1210:6:FLASH_PageErase	24	static
B:/Documents/Programowanie/STM32/embedded-vehicle-telemetry/Drivers/STM32U3xx_HAL_Driver/Src/stm32u3xx_hal_flash_ex.c:1266:13:FLASH_OB_WRPConfig	24	static
B:/Documents/Programowanie/STM32/embedded-vehicle-telemetry/Drivers/STM32U3xx_HAL_Driver/Src/stm32u3xx_hal_flash_ex.c:1325:13:FLASH_OB_RDPConfig	16	static
B:/Documents/Programowanie/STM32/embedded-vehicle-telemetry/Drivers/STM32U3xx_HAL_Driver/Src/stm32u3xx_hal_flash_ex.c:1348:13:FLASH_OB_RDPKeyConfig	24	static
B:/Documents/Programowanie/STM32/embedded-vehicle-telemetry/Drivers/STM32U3xx_HAL_Driver/Src/stm32u3xx_hal_flash_ex.c:1395:13:FLASH_OB_UserConfig	24	static
B:/Documents/Programowanie/STM32/embedded-vehicle-telemetry/Drivers/STM32U3xx_HAL_Driver/Src/stm32u3xx_hal_flash_ex.c:1733:13:FLASH_OB_BootAddrConfig	16	static
B:/Documents/Programowanie/STM32/embedded-vehicle-telemetry/Drivers/STM32U3xx_HAL_Driver/Src/stm32u3xx_hal_flash_ex.c:1776:13:FLASH_OB_GetWRP	24	static
B:/Documents/Programowanie/STM32/embedded-vehicle-telemetry/Drivers/STM32U3xx_HAL_Driver/Src/stm32u3xx_hal_flash_ex.c:1820:17:FLASH_OB_GetRDP	16	static
B:/Documents/Programowanie/STM32/embedded-vehicle-telemetry/Drivers/STM32U3xx_HAL_Driver/Src/stm32u3xx_hal_flash_ex.c:1850:17:FLASH_OB_GetUser	16	static
B:/Documents/Programowanie/STM32/embedded-vehicle-telemetry/Drivers/STM32U3xx_HAL_Driver/Src/stm32u3xx_hal_flash_ex.c:1945:13:FLASH_OB_GetBootAddr	16	static
