B:/Documents/Programowanie/STM32/embedded-vehicle-telemetry/Drivers/STM32U3xx_HAL_Driver/Src/stm32u3xx_hal.c:140:19:HAL_Init	8	static
B:/Documents/Programowanie/STM32/embedded-vehicle-telemetry/Drivers/STM32U3xx_HAL_Driver/Src/stm32u3xx_hal.c:174:19:HAL_DeInit	8	static
B:/Documents/Programowanie/STM32/embedded-vehicle-telemetry/Drivers/STM32U3xx_HAL_Driver/Src/stm32u3xx_hal.c:203:13:HAL_MspInit	4	static
B:/Documents/Programowanie/STM32/embedded-vehicle-telemetry/Drivers/STM32U3xx_HAL_Driver/Src/stm32u3xx_hal.c:214:13:HAL_MspDeInit	4	static
B:/Documents/Programowanie/STM32/embedded-vehicle-telemetry/Drivers/STM32U3xx_HAL_Driver/Src/stm32u3xx_hal.c:237:26:HAL_InitTick	24	static
B:/Documents/Programowanie/STM32/embedded-vehicle-telemetry/Drivers/STM32U3xx_HAL_Driver/Src/stm32u3xx_hal.c:333:13:HAL_IncTick	4	static
B:/Documents/Programowanie/STM32/embedded-vehicle-telemetry/Drivers/STM32U3xx_HAL_Driver/Src/stm32u3xx_hal.c:344:17:HAL_GetTick	4	static
B:/Documents/Programowanie/STM32/embedded-vehicle-telemetry/Drivers/STM32U3xx_HAL_Driver/Src/stm32u3xx_hal.c:353:10:HAL_GetTickPrio	4	static
B:/Documents/Programowanie/STM32/embedded-vehicle-telemetry/Drivers/STM32U3xx_HAL_Driver/Src/stm32u3xx_hal.c:362:19:HAL_SetTickFreq	24	static
B:/Documents/Programowanie/STM32/embedded-vehicle-telemetry/Drivers/STM32U3xx_HAL_Driver/Src/stm32u3xx_hal.c:395:21:HAL_GetTickFreq	4	static
B:/Documents/Programowanie/STM32/embedded-vehicle-telemetry/Drivers/STM32U3xx_HAL_Driver/Src/stm32u3xx_hal.c:411:13:HAL_Delay	24	static
B:/Documents/Programowanie/STM32/embedded-vehicle-telemetry/Drivers/STM32U3xx_HAL_Driver/Src/stm32u3xx_hal.c:437:13:HAL_SuspendTick	4	static
B:/Documents/Programowanie/STM32/embedded-vehicle-telemetry/Drivers/STM32U3xx_HAL_Driver/Src/stm32u3xx_hal.c:453:13:HAL_ResumeTick	4	static
B:/Documents/Programowanie/STM32/embedded-vehicle-telemetry/Drivers/STM32U3xx_HAL_Driver/Src/stm32u3xx_hal.c:463:10:HAL_GetHalVersion	4	static
B:/Documents/Programowanie/STM32/embedded-vehicle-telemetry/Drivers/STM32U3xx_HAL_Driver/Src/stm32u3xx_hal.c:472:10:HAL_GetREVID	4	static
B:/Documents/Programowanie/STM32/embedded-vehicle-telemetry/Drivers/STM32U3xx_HAL_Driver/Src/stm32u3xx_hal.c:481:10:HAL_GetDEVID	4	static
B:/Documents/Programowanie/STM32/embedded-vehicle-telemetry/Drivers/STM32U3xx_HAL_Driver/Src/stm32u3xx_hal.c:490:10:HAL_GetUIDw0	4	static
B:/Documents/Programowanie/STM32/embedded-vehicle-telemetry/Drivers/STM32U3xx_HAL_Driver/Src/stm32u3xx_hal.c:499:10:HAL_GetUIDw1	4	static
B:/Documents/Programowanie/STM32/embedded-vehicle-telemetry/Drivers/STM32U3xx_HAL_Driver/Src/stm32u3xx_hal.c:508:10:HAL_GetUIDw2	4	static
B:/Documents/Programowanie/STM32/embedded-vehicle-telemetry/Drivers/STM32U3xx_HAL_Driver/Src/stm32u3xx_hal.c:537:6:HAL_DBGMCU_EnableDBGStopMode	4	static
B:/Documents/Programowanie/STM32/embedded-vehicle-telemetry/Drivers/STM32U3xx_HAL_Driver/Src/stm32u3xx_hal.c:546:6:HAL_DBGMCU_DisableDBGStopMode	4	static
B:/Documents/Programowanie/STM32/embedded-vehicle-telemetry/Drivers/STM32U3xx_HAL_Driver/Src/stm32u3xx_hal.c:555:6:HAL_DBGMCU_EnableDBGStandbyMode	4	static
B:/Documents/Programowanie/STM32/embedded-vehicle-telemetry/Drivers/STM32U3xx_HAL_Driver/Src/stm32u3xx_hal.c:564:6:HAL_DBGMCU_DisableDBGStandbyMode	4	static
B:/Documents/Programowanie/STM32/embedded-vehicle-telemetry/Drivers/STM32U3xx_HAL_Driver/Src/stm32u3xx_hal.c:604:6:HAL_SYSCFG_VREFBUF_VoltageScalingConfig	16	static
B:/Documents/Programowanie/STM32/embedded-vehicle-telemetry/Drivers/STM32U3xx_HAL_Driver/Src/stm32u3xx_hal.c:620:6:HAL_SYSCFG_VREFBUF_HighImpedanceConfig	16	static
B:/Documents/Programowanie/STM32/embedded-vehicle-telemetry/Drivers/STM32U3xx_HAL_Driver/Src/stm32u3xx_hal.c:632:6:HAL_SYSCFG_VREFBUF_TrimmingConfig	16	static
B:/Documents/Programowanie/STM32/embedded-vehicle-telemetry/Drivers/STM32U3xx_HAL_Driver/Src/stm32u3xx_hal.c:644:19:HAL_SYSCFG_EnableVREFBUF	16	static
B:/Documents/Programowanie/STM32/embedded-vehicle-telemetry/Drivers/STM32U3xx_HAL_Driver/Src/stm32u3xx_hal.c:674:6:HAL_SYSCFG_DisableVREFBUF	4	static
B:/Documents/Programowanie/STM32/embedded-vehicle-telemetry/Drivers/STM32U3xx_HAL_Driver/Src/stm32u3xx_hal.c:684:6:HAL_SYSCFG_EnableIOAnalogBooster	4	static
B:/Documents/Programowanie/STM32/embedded-vehicle-telemetry/Drivers/STM32U3xx_HAL_Driver/Src/stm32u3xx_hal.c:694:6:HAL_SYSCFG_DisableIOAnalogBooster	4	static
B:/Documents/Programowanie/STM32/embedded-vehicle-telemetry/Drivers/STM32U3xx_HAL_Driver/Src/stm32u3xx_hal.c:704:6:HAL_SYSCFG_EnableIOAnalogSwitchVdd	4	static
B:/Documents/Programowanie/STM32/embedded-vehicle-telemetry/Drivers/STM32U3xx_HAL_Driver/Src/stm32u3xx_hal.c:714:6:HAL_SYSCFG_DisableIOAnalogSwitchVdd	4	static
B:/Documents/Programowanie/STM32/embedded-vehicle-telemetry/Drivers/STM32U3xx_HAL_Driver/Src/stm32u3xx_hal.c:729:6:HAL_SYSCFG_EnableCompensationCell	16	static
B:/Documents/Programowanie/STM32/embedded-vehicle-telemetry/Drivers/STM32U3xx_HAL_Driver/Src/stm32u3xx_hal.c:747:6:HAL_SYSCFG_DisableCompensationCell	16	static
B:/Documents/Programowanie/STM32/embedded-vehicle-telemetry/Drivers/STM32U3xx_HAL_Driver/Src/stm32u3xx_hal.c:763:10:HAL_SYSCFG_GetCompensationCellReadyStatus	24	static
B:/Documents/Programowanie/STM32/embedded-vehicle-telemetry/Drivers/STM32U3xx_HAL_Driver/Src/stm32u3xx_hal.c:798:6:HAL_SYSCFG_ConfigCompensationCell	40	static,ignoring_inline_asm
B:/Documents/Programowanie/STM32/embedded-vehicle-telemetry/Drivers/STM32U3xx_HAL_Driver/Src/stm32u3xx_hal.c:831:19:HAL_SYSCFG_GetCompensationCell	40	static
B:/Documents/Programowanie/STM32/embedded-vehicle-telemetry/Drivers/STM32U3xx_HAL_Driver/Src/stm32u3xx_hal.c:867:6:HAL_SYSCFG_ConfigIR	16	static
B:/Documents/Programowanie/STM32/embedded-vehicle-telemetry/Drivers/STM32U3xx_HAL_Driver/Src/stm32u3xx_hal.c:881:19:HAL_SYSCFG_GetConfigIR	24	static
B:/Documents/Programowanie/STM32/embedded-vehicle-telemetry/Drivers/STM32U3xx_HAL_Driver/Src/stm32u3xx_hal.c:923:6:HAL_SYSCFG_Lock	16	static
B:/Documents/Programowanie/STM32/embedded-vehicle-telemetry/Drivers/STM32U3xx_HAL_Driver/Src/stm32u3xx_hal.c:944:19:HAL_SYSCFG_GetLock	24	static
B:/Documents/Programowanie/STM32/embedded-vehicle-telemetry/Drivers/STM32U3xx_HAL_Driver/Src/stm32u3xx_hal.c:1029:19:HAL_SYSCFG_GetConfigAttributes	16	static
