B:/Documents/Programowanie/STM32/embedded-vehicle-telemetry/cmake/stm32cubemx/../../Drivers/CMSIS/Include/core_cm33.h:2359:22:__NVIC_SetPriorityGrouping	24	static
B:/Documents/Programowanie/STM32/embedded-vehicle-telemetry/cmake/stm32cubemx/../../Drivers/CMSIS/Include/core_cm33.h:2378:26:__NVIC_GetPriorityGrouping	4	static
B:/Documents/Programowanie/STM32/embedded-vehicle-telemetry/cmake/stm32cubemx/../../Drivers/CMSIS/Include/core_cm33.h:2390:22:__NVIC_EnableIRQ	16	static,ignoring_inline_asm
B:/Documents/Programowanie/STM32/embedded-vehicle-telemetry/cmake/stm32cubemx/../../Drivers/CMSIS/Include/core_cm33.h:2428:22:__NVIC_DisableIRQ	16	static,ignoring_inline_asm
B:/Documents/Programowanie/STM32/embedded-vehicle-telemetry/cmake/stm32cubemx/../../Drivers/CMSIS/Include/core_cm33.h:2447:26:__NVIC_GetPendingIRQ	16	static
B:/Documents/Programowanie/STM32/embedded-vehicle-telemetry/cmake/stm32cubemx/../../Drivers/CMSIS/Include/core_cm33.h:2466:22:__NVIC_SetPendingIRQ	16	static
B:/Documents/Programowanie/STM32/embedded-vehicle-telemetry/cmake/stm32cubemx/../../Drivers/CMSIS/Include/core_cm33.h:2481:22:__NVIC_ClearPendingIRQ	16	static
B:/Documents/Programowanie/STM32/embedded-vehicle-telemetry/cmake/stm32cubemx/../../Drivers/CMSIS/Include/core_cm33.h:2498:26:__NVIC_GetActive	16	static
B:/Documents/Programowanie/STM32/embedded-vehicle-telemetry/cmake/stm32cubemx/../../Drivers/CMSIS/Include/core_cm33.h:2587:22:__NVIC_SetPriority	16	static
B:/Documents/Programowanie/STM32/embedded-vehicle-telemetry/cmake/stm32cubemx/../../Drivers/CMSIS/Include/core_cm33.h:2609:26:__NVIC_GetPriority	16	static
B:/Documents/Programowanie/STM32/embedded-vehicle-telemetry/cmake/stm32cubemx/../../Drivers/CMSIS/Include/core_cm33.h:2634:26:NVIC_EncodePriority	40	static
B:/Documents/Programowanie/STM32/embedded-vehicle-telemetry/cmake/stm32cubemx/../../Drivers/CMSIS/Include/core_cm33.h:2661:22:NVIC_DecodePriority	40	static
B:/Documents/Programowanie/STM32/embedded-vehicle-telemetry/cmake/stm32cubemx/../../Drivers/CMSIS/Include/core_cm33.h:2711:34:__NVIC_SystemReset	4	static,ignoring_inline_asm
B:/Documents/Programowanie/STM32/embedded-vehicle-telemetry/Drivers/STM32U3xx_HAL_Driver/Src/stm32u3xx_hal_cortex.c:237:6:HAL_NVIC_SetPriorityGrouping	16	static
B:/Documents/Programowanie/STM32/embedded-vehicle-telemetry/Drivers/STM32U3xx_HAL_Driver/Src/stm32u3xx_hal_cortex.c:260:6:HAL_NVIC_SetPriority	32	static
B:/Documents/Programowanie/STM32/embedded-vehicle-telemetry/Drivers/STM32U3xx_HAL_Driver/Src/stm32u3xx_hal_cortex.c:283:6:HAL_NVIC_EnableIRQ	16	static
B:/Documents/Programowanie/STM32/embedded-vehicle-telemetry/Drivers/STM32U3xx_HAL_Driver/Src/stm32u3xx_hal_cortex.c:300:6:HAL_NVIC_DisableIRQ	16	static
B:/Documents/Programowanie/STM32/embedded-vehicle-telemetry/Drivers/STM32U3xx_HAL_Driver/Src/stm32u3xx_hal_cortex.c:313:6:HAL_NVIC_SystemReset	8	static
B:/Documents/Programowanie/STM32/embedded-vehicle-telemetry/Drivers/STM32U3xx_HAL_Driver/Src/stm32u3xx_hal_cortex.c:326:10:HAL_SYSTICK_Config	16	static
B:/Documents/Programowanie/STM32/embedded-vehicle-telemetry/Drivers/STM32U3xx_HAL_Driver/Src/stm32u3xx_hal_cortex.c:370:10:HAL_NVIC_GetPriorityGrouping	8	static
B:/Documents/Programowanie/STM32/embedded-vehicle-telemetry/Drivers/STM32U3xx_HAL_Driver/Src/stm32u3xx_hal_cortex.c:398:6:HAL_NVIC_GetPriority	24	static
B:/Documents/Programowanie/STM32/embedded-vehicle-telemetry/Drivers/STM32U3xx_HAL_Driver/Src/stm32u3xx_hal_cortex.c:416:6:HAL_NVIC_SetPendingIRQ	16	static
B:/Documents/Programowanie/STM32/embedded-vehicle-telemetry/Drivers/STM32U3xx_HAL_Driver/Src/stm32u3xx_hal_cortex.c:435:10:HAL_NVIC_GetPendingIRQ	16	static
B:/Documents/Programowanie/STM32/embedded-vehicle-telemetry/Drivers/STM32U3xx_HAL_Driver/Src/stm32u3xx_hal_cortex.c:452:6:HAL_NVIC_ClearPendingIRQ	16	static
B:/Documents/Programowanie/STM32/embedded-vehicle-telemetry/Drivers/STM32U3xx_HAL_Driver/Src/stm32u3xx_hal_cortex.c:470:10:HAL_NVIC_GetActive	16	static
B:/Documents/Programowanie/STM32/embedded-vehicle-telemetry/Drivers/STM32U3xx_HAL_Driver/Src/stm32u3xx_hal_cortex.c:486:6:HAL_SYSTICK_CLKSourceConfig	16	static
B:/Documents/Programowanie/STM32/embedded-vehicle-telemetry/Drivers/STM32U3xx_HAL_Driver/Src/stm32u3xx_hal_cortex.c:525:10:HAL_SYSTICK_GetCLKSourceConfig	16	static
B:/Documents/Programowanie/STM32/embedded-vehicle-telemetry/Drivers/STM32U3xx_HAL_Driver/Src/stm32u3xx_hal_cortex.c:560:6:HAL_SYSTICK_IRQHandler	8	static
B:/Documents/Programowanie/STM32/embedded-vehicle-telemetry/Drivers/STM32U3xx_HAL_Driver/Src/stm32u3xx_hal_cortex.c:569:13:HAL_SYSTICK_Callback	4	static
B:/Documents/Programowanie/STM32/embedded-vehicle-telemetry/Drivers/STM32U3xx_HAL_Driver/Src/stm32u3xx_hal_cortex.c:580:6:HAL_CORTEX_ClearEvent	4	static,ignoring_inline_asm
B:/Documents/Programowanie/STM32/embedded-vehicle-telemetry/Drivers/STM32U3xx_HAL_Driver/Src/stm32u3xx_hal_cortex.c:597:6:HAL_MPU_Enable	16	static,ignoring_inline_asm
B:/Documents/Programowanie/STM32/embedded-vehicle-telemetry/Drivers/STM32U3xx_HAL_Driver/Src/stm32u3xx_hal_cortex.c:646:6:HAL_MPU_Disable	4	static,ignoring_inline_asm
B:/Documents/Programowanie/STM32/embedded-vehicle-telemetry/Drivers/STM32U3xx_HAL_Driver/Src/stm32u3xx_hal_cortex.c:688:6:HAL_MPU_EnableRegion	16	static
B:/Documents/Programowanie/STM32/embedded-vehicle-telemetry/Drivers/STM32U3xx_HAL_Driver/Src/stm32u3xx_hal_cortex.c:721:6:HAL_MPU_DisableRegion	16	static
B:/Documents/Programowanie/STM32/embedded-vehicle-telemetry/Drivers/STM32U3xx_HAL_Driver/Src/stm32u3xx_hal_cortex.c:759:6:HAL_MPU_ConfigRegion	16	static
B:/Documents/Programowanie/STM32/embedded-vehicle-telemetry/Drivers/STM32U3xx_HAL_Driver/Src/stm32u3xx_hal_cortex.c:784:6:HAL_MPU_ConfigMemoryAttributes	16	static
B:/Documents/Programowanie/STM32/embedded-vehicle-telemetry/Drivers/STM32U3xx_HAL_Driver/Src/stm32u3xx_hal_cortex.c:813:13:MPU_ConfigRegion	16	static
B:/Documents/Programowanie/STM32/embedded-vehicle-telemetry/Drivers/STM32U3xx_HAL_Driver/Src/stm32u3xx_hal_cortex.c:841:13:MPU_ConfigMemoryAttributes	32	static
