B:/Documents/Programowanie/STM32/embedded-vehicle-telemetry/Drivers/STM32U3xx_HAL_Driver/Src/stm32u3xx_hal_rcc.c:230:19:HAL_RCC_DeInit	16	static
B:/Documents/Programowanie/STM32/embedded-vehicle-telemetry/Drivers/STM32U3xx_HAL_Driver/Src/stm32u3xx_hal_rcc.c:324:19:HAL_RCC_OscConfig	40	static
B:/Documents/Programowanie/STM32/embedded-vehicle-telemetry/Drivers/STM32U3xx_HAL_Driver/Src/stm32u3xx_hal_rcc.c:837:20:HAL_RCC_ClockConfig	32	static
B:/Documents/Programowanie/STM32/embedded-vehicle-telemetry/Drivers/STM32U3xx_HAL_Driver/Src/stm32u3xx_hal_rcc.c:1065:6:HAL_RCC_MCOConfig	56	static
B:/Documents/Programowanie/STM32/embedded-vehicle-telemetry/Drivers/STM32U3xx_HAL_Driver/Src/stm32u3xx_hal_rcc.c:1138:10:HAL_RCC_GetSysClockFreq	16	static
B:/Documents/Programowanie/STM32/embedded-vehicle-telemetry/Drivers/STM32U3xx_HAL_Driver/Src/stm32u3xx_hal_rcc.c:1202:10:HAL_RCC_GetHCLKFreq	8	static
B:/Documents/Programowanie/STM32/embedded-vehicle-telemetry/Drivers/STM32U3xx_HAL_Driver/Src/stm32u3xx_hal_rcc.c:1214:10:HAL_RCC_GetPCLK1Freq	8	static
B:/Documents/Programowanie/STM32/embedded-vehicle-telemetry/Drivers/STM32U3xx_HAL_Driver/Src/stm32u3xx_hal_rcc.c:1226:10:HAL_RCC_GetPCLK2Freq	8	static
B:/Documents/Programowanie/STM32/embedded-vehicle-telemetry/Drivers/STM32U3xx_HAL_Driver/Src/stm32u3xx_hal_rcc.c:1238:10:HAL_RCC_GetPCLK3Freq	8	static
B:/Documents/Programowanie/STM32/embedded-vehicle-telemetry/Drivers/STM32U3xx_HAL_Driver/Src/stm32u3xx_hal_rcc.c:1248:10:HAL_RCC_GetMSISFreq	16	static
B:/Documents/Programowanie/STM32/embedded-vehicle-telemetry/Drivers/STM32U3xx_HAL_Driver/Src/stm32u3xx_hal_rcc.c:1293:10:HAL_RCC_GetMSIKFreq	16	static
B:/Documents/Programowanie/STM32/embedded-vehicle-telemetry/Drivers/STM32U3xx_HAL_Driver/Src/stm32u3xx_hal_rcc.c:1343:6:HAL_RCC_GetOscConfig	24	static
B:/Documents/Programowanie/STM32/embedded-vehicle-telemetry/Drivers/STM32U3xx_HAL_Driver/Src/stm32u3xx_hal_rcc.c:1423:6:HAL_RCC_GetClockConfig	24	static
B:/Documents/Programowanie/STM32/embedded-vehicle-telemetry/Drivers/STM32U3xx_HAL_Driver/Src/stm32u3xx_hal_rcc.c:1465:6:HAL_RCC_EnableCSS	4	static
B:/Documents/Programowanie/STM32/embedded-vehicle-telemetry/Drivers/STM32U3xx_HAL_Driver/Src/stm32u3xx_hal_rcc.c:1475:6:HAL_RCC_NMI_IRQHandler	8	static
B:/Documents/Programowanie/STM32/embedded-vehicle-telemetry/Drivers/STM32U3xx_HAL_Driver/Src/stm32u3xx_hal_rcc.c:1492:13:HAL_RCC_CSSCallback	4	static
B:/Documents/Programowanie/STM32/embedded-vehicle-telemetry/Drivers/STM32U3xx_HAL_Driver/Src/stm32u3xx_hal_rcc.c:1505:10:HAL_RCC_GetResetSource	16	static
B:/Documents/Programowanie/STM32/embedded-vehicle-telemetry/Drivers/STM32U3xx_HAL_Driver/Src/stm32u3xx_hal_rcc.c:1548:6:HAL_RCC_ConfigAttributes	16	static
B:/Documents/Programowanie/STM32/embedded-vehicle-telemetry/Drivers/STM32U3xx_HAL_Driver/Src/stm32u3xx_hal_rcc.c:1610:19:HAL_RCC_GetConfigAttributes	24	static
