Archive member included to satisfy reference by file (symbol)

L76X/libl76x_lib.a(L76X_DEV_Config.c.obj)
                              CMakeFiles/embedded-vehicle-telemetry.dir/Core/Src/main.c.obj (L76X_DEV_Module_Init)
L76X/libl76x_lib.a(L76X.c.obj)
                              CMakeFiles/embedded-vehicle-telemetry.dir/Core/Src/main.c.obj (L76X_Parse_NMEA)
B:/NARZEDZIA/ST/STM32CubeIDE_2.2.0/STM32CubeIDE/plugins/com.st.stm32cube.ide.mcu.externaltools.gnu-tools-for-stm32.14.3.rel1.win32_1.0.100.202602081740/tools/bin/../lib/gcc/arm-none-eabi/14.3.1/thumb/v8-m.main+fp/hard\libgcc.a(_arm_muldf3.o)
                              L76X/libl76x_lib.a(L76X.c.obj) (__aeabi_dmul)
B:/NARZEDZIA/ST/STM32CubeIDE_2.2.0/STM32CubeIDE/plugins/com.st.stm32cube.ide.mcu.externaltools.gnu-tools-for-stm32.14.3.rel1.win32_1.0.100.202602081740/tools/bin/../lib/gcc/arm-none-eabi/14.3.1/thumb/v8-m.main+fp/hard\libgcc.a(_arm_addsubdf3.o)
                              L76X/libl76x_lib.a(L76X.c.obj) (__aeabi_dsub)
B:/NARZEDZIA/ST/STM32CubeIDE_2.2.0/STM32CubeIDE/plugins/com.st.stm32cube.ide.mcu.externaltools.gnu-tools-for-stm32.14.3.rel1.win32_1.0.100.202602081740/tools/bin/../lib/gcc/arm-none-eabi/14.3.1/thumb/v8-m.main+fp/hard\libgcc.a(_arm_muldivdf3.o)
                              L76X/libl76x_lib.a(L76X.c.obj) (__aeabi_ddiv)
B:/NARZEDZIA/ST/STM32CubeIDE_2.2.0/STM32CubeIDE/plugins/com.st.stm32cube.ide.mcu.externaltools.gnu-tools-for-stm32.14.3.rel1.win32_1.0.100.202602081740/tools/bin/../lib/gcc/arm-none-eabi/14.3.1/thumb/v8-m.main+fp/hard\libgcc.a(_arm_fixdfsi.o)
                              L76X/libl76x_lib.a(L76X.c.obj) (__aeabi_d2iz)
B:/NARZEDZIA/ST/STM32CubeIDE_2.2.0/STM32CubeIDE/plugins/com.st.stm32cube.ide.mcu.externaltools.gnu-tools-for-stm32.14.3.rel1.win32_1.0.100.202602081740/tools/bin/../lib/gcc/arm-none-eabi/14.3.1/thumb/v8-m.main+fp/hard\libgcc.a(_aeabi_uldivmod.o)
                              cmake/stm32cubemx/CMakeFiles/STM32_Drivers.dir/__/__/Drivers/STM32U3xx_HAL_Driver/Src/stm32u3xx_hal_uart.c.obj (__aeabi_uldivmod)
B:/NARZEDZIA/ST/STM32CubeIDE_2.2.0/STM32CubeIDE/plugins/com.st.stm32cube.ide.mcu.externaltools.gnu-tools-for-stm32.14.3.rel1.win32_1.0.100.202602081740/tools/bin/../lib/gcc/arm-none-eabi/14.3.1/thumb/v8-m.main+fp/hard\libgcc.a(_udivmoddi4.o)
                              B:/NARZEDZIA/ST/STM32CubeIDE_2.2.0/STM32CubeIDE/plugins/com.st.stm32cube.ide.mcu.externaltools.gnu-tools-for-stm32.14.3.rel1.win32_1.0.100.202602081740/tools/bin/../lib/gcc/arm-none-eabi/14.3.1/thumb/v8-m.main+fp/hard\libgcc.a(_aeabi_uldivmod.o) (__udivmoddi4)
B:/NARZEDZIA/ST/STM32CubeIDE_2.2.0/STM32CubeIDE/plugins/com.st.stm32cube.ide.mcu.externaltools.gnu-tools-for-stm32.14.3.rel1.win32_1.0.100.202602081740/tools/bin/../lib/gcc/arm-none-eabi/14.3.1/thumb/v8-m.main+fp/hard\libgcc.a(_dvmd_tls.o)
                              B:/NARZEDZIA/ST/STM32CubeIDE_2.2.0/STM32CubeIDE/plugins/com.st.stm32cube.ide.mcu.externaltools.gnu-tools-for-stm32.14.3.rel1.win32_1.0.100.202602081740/tools/bin/../lib/gcc/arm-none-eabi/14.3.1/thumb/v8-m.main+fp/hard\libgcc.a(_aeabi_uldivmod.o) (__aeabi_ldiv0)
B:/NARZEDZIA/ST/STM32CubeIDE_2.2.0/STM32CubeIDE/plugins/com.st.stm32cube.ide.mcu.externaltools.gnu-tools-for-stm32.14.3.rel1.win32_1.0.100.202602081740/tools/bin/../lib/gcc/arm-none-eabi/14.3.1/../../../../arm-none-eabi/lib/thumb/v8-m.main+fp/hard\libg_nano.a(libc_a-exit.o)
                              B:/NARZEDZIA/ST/STM32CubeIDE_2.2.0/STM32CubeIDE/plugins/com.st.stm32cube.ide.mcu.externaltools.gnu-tools-for-stm32.14.3.rel1.win32_1.0.100.202602081740/tools/bin/../lib/gcc/arm-none-eabi/14.3.1/../../../../arm-none-eabi/lib/thumb/v8-m.main+fp/hard/crt0.o (exit)
B:/NARZEDZIA/ST/STM32CubeIDE_2.2.0/STM32CubeIDE/plugins/com.st.stm32cube.ide.mcu.externaltools.gnu-tools-for-stm32.14.3.rel1.win32_1.0.100.202602081740/tools/bin/../lib/gcc/arm-none-eabi/14.3.1/../../../../arm-none-eabi/lib/thumb/v8-m.main+fp/hard\libg_nano.a(libc_a-findfp.o)
                              B:/NARZEDZIA/ST/STM32CubeIDE_2.2.0/STM32CubeIDE/plugins/com.st.stm32cube.ide.mcu.externaltools.gnu-tools-for-stm32.14.3.rel1.win32_1.0.100.202602081740/tools/bin/../lib/gcc/arm-none-eabi/14.3.1/../../../../arm-none-eabi/lib/thumb/v8-m.main+fp/hard\libg_nano.a(libc_a-exit.o) (__stdio_exit_handler)
B:/NARZEDZIA/ST/STM32CubeIDE_2.2.0/STM32CubeIDE/plugins/com.st.stm32cube.ide.mcu.externaltools.gnu-tools-for-stm32.14.3.rel1.win32_1.0.100.202602081740/tools/bin/../lib/gcc/arm-none-eabi/14.3.1/../../../../arm-none-eabi/lib/thumb/v8-m.main+fp/hard\libg_nano.a(libc_a-fwalk.o)
                              B:/NARZEDZIA/ST/STM32CubeIDE_2.2.0/STM32CubeIDE/plugins/com.st.stm32cube.ide.mcu.externaltools.gnu-tools-for-stm32.14.3.rel1.win32_1.0.100.202602081740/tools/bin/../lib/gcc/arm-none-eabi/14.3.1/../../../../arm-none-eabi/lib/thumb/v8-m.main+fp/hard\libg_nano.a(libc_a-findfp.o) (_fwalk_sglue)
[...]
Memory Configuration

Name             Origin             Length             Attributes
RAM              0x20000000         0x00030000         xrw
RAM2             0x20030000         0x00010000         xrw
RAM3             0x20040000         0x00050000         xrw
RAM4             0x20090000         0x00010000         xrw
HSP_DATA_BRAM    0x200a0000         0x00004000         rw
FLASH            0x08000000         0x00200000         xr
*default*        0x00000000         0xffffffff

Linker script and memory map

LOAD B:/NARZEDZIA/ST/STM32CubeIDE_2.2.0/STM32CubeIDE/plugins/com.st.stm32cube.ide.mcu.externaltools.gnu-tools-for-stm32.14.3.rel1.win32_1.0.100.202602081740/tools/bin/../lib/gcc/arm-none-eabi/14.3.1/thumb/v8-m.main+fp/hard/crti.o
LOAD B:/NARZEDZIA/ST/STM32CubeIDE_2.2.0/STM32CubeIDE/plugins/com.st.stm32cube.ide.mcu.externaltools.gnu-tools-for-stm32.14.3.rel1.win32_1.0.100.202602081740/tools/bin/../lib/gcc/arm-none-eabi/14.3.1/thumb/v8-m.main+fp/hard/crtbegin.o
LOAD B:/NARZEDZIA/ST/STM32CubeIDE_2.2.0/STM32CubeIDE/plugins/com.st.stm32cube.ide.mcu.externaltools.gnu-tools-for-stm32.14.3.rel1.win32_1.0.100.202602081740/tools/bin/../lib/gcc/arm-none-eabi/14.3.1/../../../../arm-none-eabi/lib/thumb/v8-m.main+fp/hard/crt0.o
LOAD cmake/stm32cubemx/CMakeFiles/STM32_Drivers.dir/__/__/Core/Src/system_stm32u3xx.c.obj
LOAD cmake/stm32cubemx/CMakeFiles/STM32_Drivers.dir/__/__/Drivers/STM32U3xx_HAL_Driver/Src/stm32u3xx_hal_cortex.c.obj
LOAD cmake/stm32cubemx/CMakeFiles/STM32_Drivers.dir/__/__/Drivers/STM32U3xx_HAL_Driver/Src/stm32u3xx_hal_i2c.c.obj
LOAD cmake/stm32cubemx/CMakeFiles/STM32_Drivers.dir/__/__/Drivers/STM32U3xx_HAL_Driver/Src/stm32u3xx_hal_i2c_ex.c.obj
LOAD cmake/stm32cubemx/CMakeFiles/STM32_Drivers.dir/__/__/Drivers/STM32U3xx_HAL_Driver/Src/stm32u3xx_hal_dma.c.obj
LOAD cmake/stm32cubemx/CMakeFiles/STM32_Drivers.dir/__/__/Drivers/STM32U3xx_HAL_Driver/Src/stm32u3xx_hal_dma_ex.c.obj
LOAD cmake/stm32cubemx/CMakeFiles/STM32_Drivers.dir/__/__/Drivers/STM32U3xx_HAL_Driver/Src/stm32u3xx_hal.c.obj
LOAD cmake/stm32cubemx/CMakeFiles/STM32_Drivers.dir/__/__/Drivers/STM32U3xx_HAL_Driver/Src/stm32u3xx_hal_rcc.c.obj
LOAD cmake/stm32cubemx/CMakeFiles/STM32_Drivers.dir/__/__/Drivers/STM32U3xx_HAL_Driver/Src/stm32u3xx_hal_rcc_ex.c.obj
LOAD cmake/stm32cubemx/CMakeFiles/STM32_Drivers.dir/__/__/Drivers/STM32U3xx_HAL_Driver/Src/stm32u3xx_hal_flash.c.obj
LOAD cmake/stm32cubemx/CMakeFiles/STM32_Drivers.dir/__/__/Drivers/STM32U3xx_HAL_Driver/Src/stm32u3xx_hal_flash_ex.c.obj
LOAD cmake/stm32cubemx/CMakeFiles/STM32_Drivers.dir/__/__/Drivers/STM32U3xx_HAL_Driver/Src/stm32u3xx_hal_gpio.c.obj
LOAD cmake/stm32cubemx/CMakeFiles/STM32_Drivers.dir/__/__/Drivers/STM32U3xx_HAL_Driver/Src/stm32u3xx_hal_exti.c.obj
LOAD cmake/stm32cubemx/CMakeFiles/STM32_Drivers.dir/__/__/Drivers/STM32U3xx_HAL_Driver/Src/stm32u3xx_hal_pwr.c.obj
LOAD cmake/stm32cubemx/CMakeFiles/STM32_Drivers.dir/__/__/Drivers/STM32U3xx_HAL_Driver/Src/stm32u3xx_hal_pwr_ex.c.obj
LOAD cmake/stm32cubemx/CMakeFiles/STM32_Drivers.dir/__/__/Drivers/STM32U3xx_HAL_Driver/Src/stm32u3xx_hal_gtzc.c.obj
LOAD cmake/stm32cubemx/CMakeFiles/STM32_Drivers.dir/__/__/Drivers/STM32U3xx_HAL_Driver/Src/stm32u3xx_hal_icache.c.obj
LOAD cmake/stm32cubemx/CMakeFiles/STM32_Drivers.dir/__/__/Drivers/STM32U3xx_HAL_Driver/Src/stm32u3xx_hal_spi.c.obj
LOAD cmake/stm32cubemx/CMakeFiles/STM32_Drivers.dir/__/__/Drivers/STM32U3xx_HAL_Driver/Src/stm32u3xx_hal_spi_ex.c.obj
LOAD cmake/stm32cubemx/CMakeFiles/STM32_Drivers.dir/__/__/Drivers/STM32U3xx_HAL_Driver/Src/stm32u3xx_hal_tim.c.obj
LOAD cmake/stm32cubemx/CMakeFiles/STM32_Drivers.dir/__/__/Drivers/STM32U3xx_HAL_Driver/Src/stm32u3xx_hal_tim_ex.c.obj
LOAD cmake/stm32cubemx/CMakeFiles/STM32_Drivers.dir/__/__/Drivers/STM32U3xx_HAL_Driver/Src/stm32u3xx_hal_uart.c.obj
LOAD cmake/stm32cubemx/CMakeFiles/STM32_Drivers.dir/__/__/Drivers/STM32U3xx_HAL_Driver/Src/stm32u3xx_hal_uart_ex.c.obj
LOAD CMakeFiles/embedded-vehicle-telemetry.dir/Core/Src/main.c.obj
LOAD CMakeFiles/embedded-vehicle-telemetry.dir/Core/Src/gpio.c.obj
LOAD CMakeFiles/embedded-vehicle-telemetry.dir/Core/Src/i2c.c.obj
LOAD CMakeFiles/embedded-vehicle-telemetry.dir/Core/Src/spi.c.obj
LOAD CMakeFiles/embedded-vehicle-telemetry.dir/Core/Src/usart.c.obj
LOAD CMakeFiles/embedded-vehicle-telemetry.dir/Core/Src/stm32u3xx_it.c.obj
LOAD CMakeFiles/embedded-vehicle-telemetry.dir/Core/Src/stm32u3xx_hal_msp.c.obj
LOAD CMakeFiles/embedded-vehicle-telemetry.dir/Core/Src/sysmem.c.obj
LOAD CMakeFiles/embedded-vehicle-telemetry.dir/Core/Src/syscalls.c.obj
LOAD CMakeFiles/embedded-vehicle-telemetry.dir/startup_stm32u3c5xx.s.obj
LOAD B:/NARZEDZIA/ST/STM32CubeIDE_2.2.0/STM32CubeIDE/plugins/com.st.stm32cube.ide.mcu.externaltools.gnu-tools-for-stm32.14.3.rel1.win32_1.0.100.202602081740/tools/bin/../lib/gcc/arm-none-eabi/14.3.1/../../../../arm-none-eabi/lib/thumb/v8-m.main+fp/hard\libm.a
LOAD EPD/libepd_lib.a
LOAD L76X/libl76x_lib.a
START GROUP
LOAD B:/NARZEDZIA/ST/STM32CubeIDE_2.2.0/STM32CubeIDE/plugins/com.st.stm32cube.ide.mcu.externaltools.gnu-tools-for-stm32.14.3.rel1.win32_1.0.100.202602081740/tools/bin/../lib/gcc/arm-none-eabi/14.3.1/thumb/v8-m.main+fp/hard\libgcc.a
LOAD B:/NARZEDZIA/ST/STM32CubeIDE_2.2.0/STM32CubeIDE/plugins/com.st.stm32cube.ide.mcu.externaltools.gnu-tools-for-stm32.14.3.rel1.win32_1.0.100.202602081740/tools/bin/../lib/gcc/arm-none-eabi/14.3.1/../../../../arm-none-eabi/lib/thumb/v8-m.main+fp/hard\libg_nano.a
LOAD B:/NARZEDZIA/ST/STM32CubeIDE_2.2.0/STM32CubeIDE/plugins/com.st.stm32cube.ide.mcu.externaltools.gnu-tools-for-stm32.14.3.rel1.win32_1.0.100.202602081740/tools/bin/../lib/gcc/arm-none-eabi/14.3.1/../../../../arm-none-eabi/lib/thumb/v8-m.main+fp/hard\libc_nano.a
END GROUP
START GROUP
LOAD B:/NARZEDZIA/ST/STM32CubeIDE_2.2.0/STM32CubeIDE/plugins/com.st.stm32cube.ide.mcu.externaltools.gnu-tools-for-stm32.14.3.rel1.win32_1.0.100.202602081740/tools/bin/../lib/gcc/arm-none-eabi/14.3.1/thumb/v8-m.main+fp/hard\libgcc.a
LOAD B:/NARZEDZIA/ST/STM32CubeIDE_2.2.0/STM32CubeIDE/plugins/com.st.stm32cube.ide.mcu.externaltools.gnu-tools-for-stm32.14.3.rel1.win32_1.0.100.202602081740/tools/bin/../lib/gcc/arm-none-eabi/14.3.1/../../../../arm-none-eabi/lib/thumb/v8-m.main+fp/hard\libc_nano.a
END GROUP
LOAD B:/NARZEDZIA/ST/STM32CubeIDE_2.2.0/STM32CubeIDE/plugins/com.st.stm32cube.ide.mcu.externaltools.gnu-tools-for-stm32.14.3.rel1.win32_1.0.100.202602081740/tools/bin/../lib/gcc/arm-none-eabi/14.3.1/thumb/v8-m.main+fp/hard/crtend.o
LOAD B:/NARZEDZIA/ST/STM32CubeIDE_2.2.0/STM32CubeIDE/plugins/com.st.stm32cube.ide.mcu.externaltools.gnu-tools-for-stm32.14.3.rel1.win32_1.0.100.202602081740/tools/bin/../lib/gcc/arm-none-eabi/14.3.1/thumb/v8-m.main+fp/hard/crtn.o
                0x20030000                        _estack = (ORIGIN (RAM) + LENGTH (RAM))
                0x2002fc00                        _sstack = (_estack - _Min_Stack_Size)
                0x00000200                        _Min_Heap_Size = 0x200
                0x00000400                        _Min_Stack_Size = 0x400

.isr_vector     0x08000000      0x234
                0x08000000                        . = ALIGN (0x4)
 *(.isr_vector)
 .isr_vector    0x08000000      0x234 CMakeFiles/embedded-vehicle-telemetry.dir/startup_stm32u3c5xx.s.obj
                0x08000000                g_pfnVectors
                0x08000234                        . = ALIGN (0x4)

.text           0x08000238     0x5ff4
                0x08000238                        . = ALIGN (0x4)
 *(.text)
 .text          0x08000238       0x40 B:/NARZEDZIA/ST/STM32CubeIDE_2.2.0/STM32CubeIDE/plugins/com.st.stm32cube.ide.mcu.externaltools.gnu-tools-for-stm32.14.3.rel1.win32_1.0.100.202602081740/tools/bin/../lib/gcc/arm-none-eabi/14.3.1/thumb/v8-m.main+fp/hard/crtbegin.o
 .text          0x08000278      0x378 B:/NARZEDZIA/ST/STM32CubeIDE_2.2.0/STM32CubeIDE/plugins/com.st.stm32cube.ide.mcu.externaltools.gnu-tools-for-stm32.14.3.rel1.win32_1.0.100.202602081740/tools/bin/../lib/gcc/arm-none-eabi/14.3.1/thumb/v8-m.main+fp/hard\libgcc.a(_arm_addsubdf3.o)
                0x08000278                __aeabi_drsub
                0x08000280                __aeabi_dsub
                0x08000280                __subdf3
                0x08000284                __aeabi_dadd
                0x08000284                __adddf3
                0x080004fc                __floatunsidf
                0x080004fc                __aeabi_ui2d
                0x0800051c                __floatsidf
                0x0800051c                __aeabi_i2d
                0x08000540                __aeabi_f2d
                0x08000540                __extendsfdf2
                0x08000584                __floatundidf
                0x08000584                __aeabi_ul2d
                0x08000594                __floatdidf
                0x08000594                __aeabi_l2d
 .text          0x080005f0      0x424 B:/NARZEDZIA/ST/STM32CubeIDE_2.2.0/STM32CubeIDE/plugins/com.st.stm32cube.ide.mcu.externaltools.gnu-tools-for-stm32.14.3.rel1.win32_1.0.100.202602081740/tools/bin/../lib/gcc/arm-none-eabi/14.3.1/thumb/v8-m.main+fp/hard\libgcc.a(_arm_muldivdf3.o)
                0x080005f0                __aeabi_dmul
                0x080005f0                __muldf3
                0x08000844                __divdf3
                0x08000844                __aeabi_ddiv
 .text          0x08000a14       0x50 B:/NARZEDZIA/ST/STM32CubeIDE_2.2.0/STM32CubeIDE/plugins/com.st.stm32cube.ide.mcu.externaltools.gnu-tools-for-stm32.14.3.rel1.win32_1.0.100.202602081740/tools/bin/../lib/gcc/arm-none-eabi/14.3.1/thumb/v8-m.main+fp/hard\libgcc.a(_arm_fixdfsi.o)
                0x08000a14                __aeabi_d2iz
                0x08000a14                __fixdfsi
 .text          0x08000a64       0x30 B:/NARZEDZIA/ST/STM32CubeIDE_2.2.0/STM32CubeIDE/plugins/com.st.stm32cube.ide.mcu.externaltools.gnu-tools-for-stm32.14.3.rel1.win32_1.0.100.202602081740/tools/bin/../lib/gcc/arm-none-eabi/14.3.1/thumb/v8-m.main+fp/hard\libgcc.a(_aeabi_uldivmod.o)
                0x08000a64                __aeabi_uldivmod
 .text          0x08000a94      0x34c B:/NARZEDZIA/ST/STM32CubeIDE_2.2.0/STM32CubeIDE/plugins/com.st.stm32cube.ide.mcu.externaltools.gnu-tools-for-stm32.14.3.rel1.win32_1.0.100.202602081740/tools/bin/../lib/gcc/arm-none-eabi/14.3.1/thumb/v8-m.main+fp/hard\libgcc.a(_udivmoddi4.o)
                0x08000a94                __udivmoddi4
 .text          0x08000de0        0x4 B:/NARZEDZIA/ST/STM32CubeIDE_2.2.0/STM32CubeIDE/plugins/com.st.stm32cube.ide.mcu.externaltools.gnu-tools-for-stm32.14.3.rel1.win32_1.0.100.202602081740/tools/bin/../lib/gcc/arm-none-eabi/14.3.1/thumb/v8-m.main+fp/hard\libgcc.a(_dvmd_tls.o)
                0x08000de0                __aeabi_idiv0
                0x08000de0                __aeabi_ldiv0
 .text          0x08000de4       0x10 B:/NARZEDZIA/ST/STM32CubeIDE_2.2.0/STM32CubeIDE/plugins/com.st.stm32cube.ide.mcu.externaltools.gnu-tools-for-stm32.14.3.rel1.win32_1.0.100.202602081740/tools/bin/../lib/gcc/arm-none-eabi/14.3.1/../../../../arm-none-eabi/lib/thumb/v8-m.main+fp/hard\libg_nano.a(libc_a-strlen.o)
                0x08000de4                strlen
 *(.text*)
 .text.SystemInit
                0x08000df4       0x24 cmake/stm32cubemx/CMakeFiles/STM32_Drivers.dir/__/__/Core/Src/system_stm32u3xx.c.obj
                0x08000df4                SystemInit
 .text.SystemCoreClockUpdate
                0x08000e18       0xd4 cmake/stm32cubemx/CMakeFiles/STM32_Drivers.dir/__/__/Core/Src/system_stm32u3xx.c.obj
                0x08000e18                SystemCoreClockUpdate
 .text.__NVIC_SetPriorityGrouping
                0x08000eec       0x48 cmake/stm32cubemx/CMakeFiles/STM32_Drivers.dir/__/__/Drivers/STM32U3xx_HAL_Driver/Src/stm32u3xx_hal_cortex.c.obj
 .text.__NVIC_GetPriorityGrouping
                0x08000f34       0x1c cmake/stm32cubemx/CMakeFiles/STM32_Drivers.dir/__/__/Drivers/STM32U3xx_HAL_Driver/Src/stm32u3xx_hal_cortex.c.obj
 .text.__NVIC_SetPriority
                0x08000f50       0x54 cmake/stm32cubemx/CMakeFiles/STM32_Drivers.dir/__/__/Drivers/STM32U3xx_HAL_Driver/Src/stm32u3xx_hal_cortex.c.obj
 .text.NVIC_EncodePriority
                0x08000fa4       0x66 cmake/stm32cubemx/CMakeFiles/STM32_Drivers.dir/__/__/Drivers/STM32U3xx_HAL_Driver/Src/stm32u3xx_hal_cortex.c.obj
 .text.HAL_NVIC_SetPriorityGrouping
                0x0800100a       0x16 cmake/stm32cubemx/CMakeFiles/STM32_Drivers.dir/__/__/Drivers/STM32U3xx_HAL_Driver/Src/stm32u3xx_hal_cortex.c.obj
                0x0800100a                HAL_NVIC_SetPriorityGrouping
 .text.HAL_NVIC_SetPriority
                0x08001020       0x34 cmake/stm32cubemx/CMakeFiles/STM32_Drivers.dir/__/__/Drivers/STM32U3xx_HAL_Driver/Src/stm32u3xx_hal_cortex.c.obj
                0x08001020                HAL_NVIC_SetPriority
 .text.HAL_SYSTICK_Config
                0x08001054       0x44 cmake/stm32cubemx/CMakeFiles/STM32_Drivers.dir/__/__/Drivers/STM32U3xx_HAL_Driver/Src/stm32u3xx_hal_cortex.c.obj
                0x08001054                HAL_SYSTICK_Config
 .text.HAL_SYSTICK_CLKSourceConfig
                0x08001098       0xb0 cmake/stm32cubemx/CMakeFiles/STM32_Drivers.dir/__/__/Drivers/STM32U3xx_HAL_Driver/Src/stm32u3xx_hal_cortex.c.obj
                0x08001098                HAL_SYSTICK_CLKSourceConfig
 .text.HAL_I2C_Init
                0x08001148      0x136 cmake/stm32cubemx/CMakeFiles/STM32_Drivers.dir/__/__/Drivers/STM32U3xx_HAL_Driver/Src/stm32u3xx_hal_i2c.c.obj
                0x08001148                HAL_I2C_Init
 .text.HAL_I2CEx_ConfigAnalogFilter
                0x0800127e       0x96 cmake/stm32cubemx/CMakeFiles/STM32_Drivers.dir/__/__/Drivers/STM32U3xx_HAL_Driver/Src/stm32u3xx_hal_i2c_ex.c.obj
                0x0800127e                HAL_I2CEx_ConfigAnalogFilter
 .text.HAL_I2CEx_ConfigDigitalFilter
                0x08001314       0x98 cmake/stm32cubemx/CMakeFiles/STM32_Drivers.dir/__/__/Drivers/STM32U3xx_HAL_Driver/Src/stm32u3xx_hal_i2c_ex.c.obj
                0x08001314                HAL_I2CEx_ConfigDigitalFilter
 .text.HAL_Init
                0x080013ac       0x40 cmake/stm32cubemx/CMakeFiles/STM32_Drivers.dir/__/__/Drivers/STM32U3xx_HAL_Driver/Src/stm32u3xx_hal.c.obj
                0x080013ac                HAL_Init
 .text.HAL_InitTick
                0x080013ec       0xfc cmake/stm32cubemx/CMakeFiles/STM32_Drivers.dir/__/__/Drivers/STM32U3xx_HAL_Driver/Src/stm32u3xx_hal.c.obj
                0x080013ec                HAL_InitTick
 .text.HAL_IncTick
                0x080014e8       0x28 cmake/stm32cubemx/CMakeFiles/STM32_Drivers.dir/__/__/Drivers/STM32U3xx_HAL_Driver/Src/stm32u3xx_hal.c.obj
                0x080014e8                HAL_IncTick
 .text.HAL_GetTick
                0x08001510       0x18 cmake/stm32cubemx/CMakeFiles/STM32_Drivers.dir/__/__/Drivers/STM32U3xx_HAL_Driver/Src/stm32u3xx_hal.c.obj
                0x08001510                HAL_GetTick
 .text.HAL_Delay
                0x08001528       0x48 cmake/stm32cubemx/CMakeFiles/STM32_Drivers.dir/__/__/Drivers/STM32U3xx_HAL_Driver/Src/stm32u3xx_hal.c.obj
                0x08001528                HAL_Delay
 .text.HAL_RCC_OscConfig
                0x08001570      0x6ac cmake/stm32cubemx/CMakeFiles/STM32_Drivers.dir/__/__/Drivers/STM32U3xx_HAL_Driver/Src/stm32u3xx_hal_rcc.c.obj
                0x08001570                HAL_RCC_OscConfig
 .text.HAL_RCC_ClockConfig
                0x08001c1c      0x1d8 cmake/stm32cubemx/CMakeFiles/STM32_Drivers.dir/__/__/Drivers/STM32U3xx_HAL_Driver/Src/stm32u3xx_hal_rcc.c.obj
                0x08001c1c                HAL_RCC_ClockConfig
 .text.HAL_RCC_GetSysClockFreq
                0x08001df4       0x94 cmake/stm32cubemx/CMakeFiles/STM32_Drivers.dir/__/__/Drivers/STM32U3xx_HAL_Driver/Src/stm32u3xx_hal_rcc.c.obj
                0x08001df4                HAL_RCC_GetSysClockFreq
 .text.HAL_RCC_GetHCLKFreq
                0x08001e88       0x34 cmake/stm32cubemx/CMakeFiles/STM32_Drivers.dir/__/__/Drivers/STM32U3xx_HAL_Driver/Src/stm32u3xx_hal_rcc.c.obj
                0x08001e88                HAL_RCC_GetHCLKFreq
 .text.HAL_RCC_GetPCLK1Freq
                0x08001ebc       0x28 cmake/stm32cubemx/CMakeFiles/STM32_Drivers.dir/__/__/Drivers/STM32U3xx_HAL_Driver/Src/stm32u3xx_hal_rcc.c.obj
                0x08001ebc                HAL_RCC_GetPCLK1Freq
 .text.HAL_RCC_GetPCLK2Freq
                0x08001ee4       0x28 cmake/stm32cubemx/CMakeFiles/STM32_Drivers.dir/__/__/Drivers/STM32U3xx_HAL_Driver/Src/stm32u3xx_hal_rcc.c.obj
                0x08001ee4                HAL_RCC_GetPCLK2Freq
 .text.HAL_RCC_GetPCLK3Freq
                0x08001f0c       0x28 cmake/stm32cubemx/CMakeFiles/STM32_Drivers.dir/__/__/Drivers/STM32U3xx_HAL_Driver/Src/stm32u3xx_hal_rcc.c.obj
                0x08001f0c                HAL_RCC_GetPCLK3Freq
 .text.HAL_RCC_GetMSIKFreq
                0x08001f34       0x6c cmake/stm32cubemx/CMakeFiles/STM32_Drivers.dir/__/__/Drivers/STM32U3xx_HAL_Driver/Src/stm32u3xx_hal_rcc.c.obj
                0x08001f34                HAL_RCC_GetMSIKFreq
 .text.HAL_RCCEx_PeriphCLKConfig
                0x08001fa0      0x548 cmake/stm32cubemx/CMakeFiles/STM32_Drivers.dir/__/__/Drivers/STM32U3xx_HAL_Driver/Src/stm32u3xx_hal_rcc_ex.c.obj
                0x08001fa0                HAL_RCCEx_PeriphCLKConfig
 .text.HAL_RCCEx_GetPeriphCLKFreq
                0x080024e8      0xa74 cmake/stm32cubemx/CMakeFiles/STM32_Drivers.dir/__/__/Drivers/STM32U3xx_HAL_Driver/Src/stm32u3xx_hal_rcc_ex.c.obj
                0x080024e8                HAL_RCCEx_GetPeriphCLKFreq
 .text.HAL_RCCEx_EpodBoosterClkConfig
                0x08002f5c       0x88 cmake/stm32cubemx/CMakeFiles/STM32_Drivers.dir/__/__/Drivers/STM32U3xx_HAL_Driver/Src/stm32u3xx_hal_rcc_ex.c.obj
                0x08002f5c                HAL_RCCEx_EpodBoosterClkConfig
 .text.HAL_GPIO_Init
                0x08002fe4      0x324 cmake/stm32cubemx/CMakeFiles/STM32_Drivers.dir/__/__/Drivers/STM32U3xx_HAL_Driver/Src/stm32u3xx_hal_gpio.c.obj
                0x08002fe4                HAL_GPIO_Init
 .text.HAL_GPIO_WritePin
                0x08003308       0x30 cmake/stm32cubemx/CMakeFiles/STM32_Drivers.dir/__/__/Drivers/STM32U3xx_HAL_Driver/Src/stm32u3xx_hal_gpio.c.obj
                0x08003308                HAL_GPIO_WritePin
 .text.HAL_PWREx_ControlVoltageScaling
                0x08003338       0x7c cmake/stm32cubemx/CMakeFiles/STM32_Drivers.dir/__/__/Drivers/STM32U3xx_HAL_Driver/Src/stm32u3xx_hal_pwr_ex.c.obj
                0x08003338                HAL_PWREx_ControlVoltageScaling
 .text.HAL_PWREx_EnableEpodBooster
                0x080033b4       0x58 cmake/stm32cubemx/CMakeFiles/STM32_Drivers.dir/__/__/Drivers/STM32U3xx_HAL_Driver/Src/stm32u3xx_hal_pwr_ex.c.obj
                0x080033b4                HAL_PWREx_EnableEpodBooster
 .text.HAL_PWREx_ConfigSupply
                0x0800340c       0x98 cmake/stm32cubemx/CMakeFiles/STM32_Drivers.dir/__/__/Drivers/STM32U3xx_HAL_Driver/Src/stm32u3xx_hal_pwr_ex.c.obj
                0x0800340c                HAL_PWREx_ConfigSupply
 .text.HAL_SPI_Init
                0x080034a4      0x210 cmake/stm32cubemx/CMakeFiles/STM32_Drivers.dir/__/__/Drivers/STM32U3xx_HAL_Driver/Src/stm32u3xx_hal_spi.c.obj
                0x080034a4                HAL_SPI_Init
 .text.SPI_GetPacketSize
                0x080036b4       0x36 cmake/stm32cubemx/CMakeFiles/STM32_Drivers.dir/__/__/Drivers/STM32U3xx_HAL_Driver/Src/stm32u3xx_hal_spi.c.obj
 .text.HAL_SPIEx_SetConfigAutonomousMode
                0x080036ea       0x82 cmake/stm32cubemx/CMakeFiles/STM32_Drivers.dir/__/__/Drivers/STM32U3xx_HAL_Driver/Src/stm32u3xx_hal_spi_ex.c.obj
                0x080036ea                HAL_SPIEx_SetConfigAutonomousMode
 .text.HAL_UART_Init
                0x0800376c       0xa0 cmake/stm32cubemx/CMakeFiles/STM32_Drivers.dir/__/__/Drivers/STM32U3xx_HAL_Driver/Src/stm32u3xx_hal_uart.c.obj
                0x0800376c                HAL_UART_Init
 .text.HAL_UART_Transmit
                0x0800380c      0x132 cmake/stm32cubemx/CMakeFiles/STM32_Drivers.dir/__/__/Drivers/STM32U3xx_HAL_Driver/Src/stm32u3xx_hal_uart.c.obj
                0x0800380c                HAL_UART_Transmit
 .text.HAL_UART_Receive
                0x0800393e      0x1a0 cmake/stm32cubemx/CMakeFiles/STM32_Drivers.dir/__/__/Drivers/STM32U3xx_HAL_Driver/Src/stm32u3xx_hal_uart.c.obj
                0x0800393e                HAL_UART_Receive
 *fill*         0x08003ade        0x2 
 .text.UART_SetConfig
                0x08003ae0      0x300 cmake/stm32cubemx/CMakeFiles/STM32_Drivers.dir/__/__/Drivers/STM32U3xx_HAL_Driver/Src/stm32u3xx_hal_uart.c.obj
                0x08003ae0                UART_SetConfig
 .text.UART_AdvFeatureConfig
                0x08003de0      0x144 cmake/stm32cubemx/CMakeFiles/STM32_Drivers.dir/__/__/Drivers/STM32U3xx_HAL_Driver/Src/stm32u3xx_hal_uart.c.obj
                0x08003de0                UART_AdvFeatureConfig
 .text.UART_CheckIdleState
                0x08003f24      0x154 cmake/stm32cubemx/CMakeFiles/STM32_Drivers.dir/__/__/Drivers/STM32U3xx_HAL_Driver/Src/stm32u3xx_hal_uart.c.obj
                0x08003f24                UART_CheckIdleState
 .text.UART_WaitOnFlagUntilTimeout
                0x08004078       0xda cmake/stm32cubemx/CMakeFiles/STM32_Drivers.dir/__/__/Drivers/STM32U3xx_HAL_Driver/Src/stm32u3xx_hal_uart.c.obj
                0x08004078                UART_WaitOnFlagUntilTimeout
 .text.UART_EndRxTransfer
                0x08004152       0xcc cmake/stm32cubemx/CMakeFiles/STM32_Drivers.dir/__/__/Drivers/STM32U3xx_HAL_Driver/Src/stm32u3xx_hal_uart.c.obj
 .text.HAL_UARTEx_DisableFifoMode
                0x0800421e       0x72 cmake/stm32cubemx/CMakeFiles/STM32_Drivers.dir/__/__/Drivers/STM32U3xx_HAL_Driver/Src/stm32u3xx_hal_uart_ex.c.obj
                0x0800421e                HAL_UARTEx_DisableFifoMode
 .text.HAL_UARTEx_SetTxFifoThreshold
                0x08004290       0x7c cmake/stm32cubemx/CMakeFiles/STM32_Drivers.dir/__/__/Drivers/STM32U3xx_HAL_Driver/Src/stm32u3xx_hal_uart_ex.c.obj
                0x08004290                HAL_UARTEx_SetTxFifoThreshold
 .text.HAL_UARTEx_SetRxFifoThreshold
                0x0800430c       0x7c cmake/stm32cubemx/CMakeFiles/STM32_Drivers.dir/__/__/Drivers/STM32U3xx_HAL_Driver/Src/stm32u3xx_hal_uart_ex.c.obj
                0x0800430c                HAL_UARTEx_SetRxFifoThreshold
 .text.UARTEx_SetNbDataToProcess
                0x08004388       0x9c cmake/stm32cubemx/CMakeFiles/STM32_Drivers.dir/__/__/Drivers/STM32U3xx_HAL_Driver/Src/stm32u3xx_hal_uart_ex.c.obj
 .text._write   0x08004424       0x2c CMakeFiles/embedded-vehicle-telemetry.dir/Core/Src/main.c.obj
                0x08004424                _write
 .text.main     0x08004450       0xc4 CMakeFiles/embedded-vehicle-telemetry.dir/Core/Src/main.c.obj
                0x08004450                main
 .text.SystemClock_Config
                0x08004514       0xcc CMakeFiles/embedded-vehicle-telemetry.dir/Core/Src/main.c.obj
                0x08004514                SystemClock_Config
 .text.Error_Handler
                0x080045e0        0xc CMakeFiles/embedded-vehicle-telemetry.dir/Core/Src/main.c.obj
                0x080045e0                Error_Handler
 .text.MX_GPIO_Init
                0x080045ec       0xcc CMakeFiles/embedded-vehicle-telemetry.dir/Core/Src/gpio.c.obj
                0x080045ec                MX_GPIO_Init
 .text.MX_I2C2_Init
                0x080046b8       0x80 CMakeFiles/embedded-vehicle-telemetry.dir/Core/Src/i2c.c.obj
                0x080046b8                MX_I2C2_Init
 .text.HAL_I2C_MspInit
                0x08004738       0xc8 CMakeFiles/embedded-vehicle-telemetry.dir/Core/Src/i2c.c.obj
                0x08004738                HAL_I2C_MspInit
 .text.MX_SPI1_Init
                0x08004800       0xe0 CMakeFiles/embedded-vehicle-telemetry.dir/Core/Src/spi.c.obj
                0x08004800                MX_SPI1_Init
 .text.HAL_SPI_MspInit
                0x080048e0       0xc8 CMakeFiles/embedded-vehicle-telemetry.dir/Core/Src/spi.c.obj
                0x080048e0                HAL_SPI_MspInit
 .text.MX_UART4_Init
                0x080049a8       0x98 CMakeFiles/embedded-vehicle-telemetry.dir/Core/Src/usart.c.obj
                0x080049a8                MX_UART4_Init
 .text.HAL_UART_MspInit
                0x08004a40       0xc8 CMakeFiles/embedded-vehicle-telemetry.dir/Core/Src/usart.c.obj
                0x08004a40                HAL_UART_MspInit
 .text.NMI_Handler
                0x08004b08        0x8 CMakeFiles/embedded-vehicle-telemetry.dir/Core/Src/stm32u3xx_it.c.obj
                0x08004b08                NMI_Handler
 .text.HardFault_Handler
                0x08004b10        0x8 CMakeFiles/embedded-vehicle-telemetry.dir/Core/Src/stm32u3xx_it.c.obj
                0x08004b10                HardFault_Handler
 .text.MemManage_Handler
                0x08004b18        0x8 CMakeFiles/embedded-vehicle-telemetry.dir/Core/Src/stm32u3xx_it.c.obj
                0x08004b18                MemManage_Handler
 .text.BusFault_Handler
                0x08004b20        0x8 CMakeFiles/embedded-vehicle-telemetry.dir/Core/Src/stm32u3xx_it.c.obj
                0x08004b20                BusFault_Handler
 .text.UsageFault_Handler
                0x08004b28        0x8 CMakeFiles/embedded-vehicle-telemetry.dir/Core/Src/stm32u3xx_it.c.obj
                0x08004b28                UsageFault_Handler
 .text.SecureFault_Handler
                0x08004b30        0x8 CMakeFiles/embedded-vehicle-telemetry.dir/Core/Src/stm32u3xx_it.c.obj
                0x08004b30                SecureFault_Handler
 .text.SVC_Handler
                0x08004b38        0xe CMakeFiles/embedded-vehicle-telemetry.dir/Core/Src/stm32u3xx_it.c.obj
                0x08004b38                SVC_Handler
 .text.DebugMon_Handler
                0x08004b46        0xe CMakeFiles/embedded-vehicle-telemetry.dir/Core/Src/stm32u3xx_it.c.obj
                0x08004b46                DebugMon_Handler
 .text.PendSV_Handler
                0x08004b54        0xe CMakeFiles/embedded-vehicle-telemetry.dir/Core/Src/stm32u3xx_it.c.obj
                0x08004b54                PendSV_Handler
 .text.SysTick_Handler
                0x08004b62        0xc CMakeFiles/embedded-vehicle-telemetry.dir/Core/Src/stm32u3xx_it.c.obj
                0x08004b62                SysTick_Handler
 *fill*         0x08004b6e        0x2 
 .text.HAL_MspInit
                0x08004b70       0x34 CMakeFiles/embedded-vehicle-telemetry.dir/Core/Src/stm32u3xx_hal_msp.c.obj
                0x08004b70                HAL_MspInit
 .text._sbrk    0x08004ba4       0x6c CMakeFiles/embedded-vehicle-telemetry.dir/Core/Src/sysmem.c.obj
                0x08004ba4                _sbrk
 .text._read    0x08004c10       0x3a CMakeFiles/embedded-vehicle-telemetry.dir/Core/Src/syscalls.c.obj
                0x08004c10                _read
 .text._close   0x08004c4a       0x18 CMakeFiles/embedded-vehicle-telemetry.dir/Core/Src/syscalls.c.obj
                0x08004c4a                _close
 .text._fstat   0x08004c62       0x20 CMakeFiles/embedded-vehicle-telemetry.dir/Core/Src/syscalls.c.obj
                0x08004c62                _fstat
 .text._isatty  0x08004c82       0x16 CMakeFiles/embedded-vehicle-telemetry.dir/Core/Src/syscalls.c.obj
                0x08004c82                _isatty
 .text._lseek   0x08004c98       0x1a CMakeFiles/embedded-vehicle-telemetry.dir/Core/Src/syscalls.c.obj
                0x08004c98                _lseek
 *fill*         0x08004cb2        0x2 
 .text.Reset_Handler
                0x08004cb4       0x5c CMakeFiles/embedded-vehicle-telemetry.dir/startup_stm32u3c5xx.s.obj
                0x08004cb4                Reset_Handler
 .text.Default_Handler
                0x08004d10        0x2 CMakeFiles/embedded-vehicle-telemetry.dir/startup_stm32u3c5xx.s.obj
                0x08004d10                EXTI2_IRQHandler
                0x08004d10                TIM8_CC_IRQHandler
                0x08004d10                EXTI5_IRQHandler
                0x08004d10                I3C1_ER_IRQHandler
                0x08004d10                SPI4_IRQHandler
                0x08004d10                FLASH_S_IRQHandler
                0x08004d10                EXTI13_IRQHandler
                0x08004d10                TIM1_CC_IRQHandler
                0x08004d10                TSC_IRQHandler
                0x08004d10                TIM1_TRG_COM_DIR_IDX_IRQHandler
                0x08004d10                TAMP_IRQHandler
                0x08004d10                TIM6_IRQHandler
                0x08004d10                EXTI12_IRQHandler
                0x08004d10                EXTI3_IRQHandler
                0x08004d10                LPTIM4_IRQHandler
                0x08004d10                GPDMA1_Channel5_IRQHandler
                0x08004d10                EXTI8_IRQHandler
                0x08004d10                LPTIM2_IRQHandler
                0x08004d10                USB_FS_IRQHandler
                0x08004d10                I2C3_ER_IRQHandler
                0x08004d10                LPTIM3_IRQHandler
                0x08004d10                EXTI0_IRQHandler
                0x08004d10                I2C2_EV_IRQHandler
                0x08004d10                FPU_IRQHandler
                0x08004d10                GPDMA1_Channel3_IRQHandler
                0x08004d10                GPDMA1_Channel7_IRQHandler
                0x08004d10                FDCAN1_IT1_IRQHandler
                0x08004d10                RAMCFG_IRQHandler
                0x08004d10                PWR_S_IRQHandler
                0x08004d10                GPDMA1_Channel9_IRQHandler
                0x08004d10                SPI1_IRQHandler
                0x08004d10                OCTOSPI1_IRQHandler
                0x08004d10                GPDMA1_Channel2_IRQHandler
                0x08004d10                TIM8_UP_IRQHandler
                0x08004d10                RCC_S_IRQHandler
                0x08004d10                ADC1_IRQHandler
                0x08004d10                PKA_IRQHandler
                0x08004d10                PWR_IRQHandler
                0x08004d10                TIM8_TRG_COM_DIR_IDX_IRQHandler
                0x08004d10                I3C2_ER_IRQHandler
                0x08004d10                EXTI15_IRQHandler
                0x08004d10                TIM17_IRQHandler
                0x08004d10                USART3_IRQHandler
                0x08004d10                RTC_IRQHandler
                0x08004d10                EXTI9_IRQHandler
                0x08004d10                UART5_IRQHandler
                0x08004d10                TIM4_IRQHandler
                0x08004d10                I2C4_ERR_IRQHandler
                0x08004d10                I3C2_EV_IRQHandler
                0x08004d10                I2C1_EV_IRQHandler
                0x08004d10                GPDMA1_Channel1_IRQHandler
                0x08004d10                TIM16_IRQHandler
                0x08004d10                UART4_IRQHandler
                0x08004d10                TIM3_IRQHandler
                0x08004d10                RCC_IRQHandler
                0x08004d10                Default_Handler
                0x08004d10                GPDMA1_Channel8_IRQHandler
                0x08004d10                GPDMA1_Channel11_IRQHandler
                0x08004d10                TIM12_IRQHandler
                0x08004d10                TIM7_IRQHandler
                0x08004d10                SDMMC1_IRQHandler
                0x08004d10                SAES_IRQHandler
                0x08004d10                GPDMA1_Channel0_IRQHandler
                0x08004d10                I3C1_EV_IRQHandler
                0x08004d10                TIM15_IRQHandler
                0x08004d10                I2C3_EV_IRQHandler
                0x08004d10                TIM8_BRK_TERR_IERR_IRQHandler
                0x08004d10                PVD_PVM_IRQHandler
                0x08004d10                ADC2_IRQHandler
                0x08004d10                SPI2_IRQHandler
                0x08004d10                EXTI14_IRQHandler
                0x08004d10                EXTI11_IRQHandler
                0x08004d10                CRS_IRQHandler
                0x08004d10                EXTI4_IRQHandler
                0x08004d10                TIM1_BRK_TERR_IERR_IRQHandler
                0x08004d10                RTC_S_IRQHandler
                0x08004d10                RNG_IRQHandler
                0x08004d10                HSP1_IRQHandler
                0x08004d10                FDCAN2_IT1_IRQHandler
                0x08004d10                COMP_IRQHandler
                0x08004d10                TIM1_UP_IRQHandler
                0x08004d10                WWDG_IRQHandler
                0x08004d10                I2C4_EV_IRQHandler
                0x08004d10                ADF1_IRQHandler
                0x08004d10                FDCAN2_IT0_IRQHandler
                0x08004d10                IWDG_IRQHandler
                0x08004d10                LPUART1_IRQHandler
                0x08004d10                FDCAN1_IT0_IRQHandler
                0x08004d10                TIM2_IRQHandler
                0x08004d10                GPDMA1_Channel4_IRQHandler
                0x08004d10                EXTI7_IRQHandler
                0x08004d10                EXTI1_IRQHandler
                0x08004d10                AES_IRQHandler
                0x08004d10                DAC1_IRQHandler
                0x08004d10                GTZC_IRQHandler
                0x08004d10                USART2_IRQHandler
                0x08004d10                GPDMA1_Channel6_IRQHandler
                0x08004d10                I2C2_ER_IRQHandler
                0x08004d10                FLASH_IRQHandler
                0x08004d10                USART1_IRQHandler
                0x08004d10                EXTI10_IRQHandler
                0x08004d10                SPI3_IRQHandler
                0x08004d10                I2C1_ER_IRQHandler
                0x08004d10                EXTI6_IRQHandler
                0x08004d10                LPTIM1_IRQHandler
                0x08004d10                GPDMA1_Channel10_IRQHandler
                0x08004d10                ICACHE_IRQHandler
                0x08004d10                SAI1_IRQHandler
                0x08004d10                HASH_IRQHandler
 *fill*         0x08004d12        0x2 
 .text.L76X_DEV_Module_Init
                0x08004d14       0x18 L76X/libl76x_lib.a(L76X_DEV_Config.c.obj)
                0x08004d14                L76X_DEV_Module_Init
 .text.DEV_Uart_ReceiveString
                0x08004d2c       0x68 L76X/libl76x_lib.a(L76X_DEV_Config.c.obj)
                0x08004d2c                DEV_Uart_ReceiveString
 .text.findMessageId
                0x08004d94       0xa4 L76X/libl76x_lib.a(L76X.c.obj)
                0x08004d94                findMessageId
 .text.parseAsInteger
                0x08004e38       0xb0 L76X/libl76x_lib.a(L76X.c.obj)
 .text.L76X_Extract_RMC
                0x08004ee8      0x250 L76X/libl76x_lib.a(L76X.c.obj)
                0x08004ee8                L76X_Extract_RMC
 .text.L76X_Extract_VTG
                0x08005138       0x14 L76X/libl76x_lib.a(L76X.c.obj)
                0x08005138                L76X_Extract_VTG
 .text.L76X_Parse_NMEA
                0x0800514c       0x58 L76X/libl76x_lib.a(L76X.c.obj)
                0x0800514c                L76X_Parse_NMEA
 .text.L76X_Google_Coordinates
                0x080051a4      0x13c L76X/libl76x_lib.a(L76X.c.obj)
                0x080051a4                L76X_Google_Coordinates
 .text.std      0x080052e0       0x6c B:/NARZEDZIA/ST/STM32CubeIDE_2.2.0/STM32CubeIDE/plugins/com.st.stm32cube.ide.mcu.externaltools.gnu-tools-for-stm32.14.3.rel1.win32_1.0.100.202602081740/tools/bin/../lib/gcc/arm-none-eabi/14.3.1/../../../../arm-none-eabi/lib/thumb/v8-m.main+fp/hard\libg_nano.a(libc_a-findfp.o)
 .text.stdio_exit_handler
                0x0800534c       0x18 B:/NARZEDZIA/ST/STM32CubeIDE_2.2.0/STM32CubeIDE/plugins/com.st.stm32cube.ide.mcu.externaltools.gnu-tools-for-stm32.14.3.rel1.win32_1.0.100.202602081740/tools/bin/../lib/gcc/arm-none-eabi/14.3.1/../../../../arm-none-eabi/lib/thumb/v8-m.main+fp/hard\libg_nano.a(libc_a-findfp.o)
 .text.cleanup_stdio
                0x08005364       0x40 B:/NARZEDZIA/ST/STM32CubeIDE_2.2.0/STM32CubeIDE/plugins/com.st.stm32cube.ide.mcu.externaltools.gnu-tools-for-stm32.14.3.rel1.win32_1.0.100.202602081740/tools/bin/../lib/gcc/arm-none-eabi/14.3.1/../../../../arm-none-eabi/lib/thumb/v8-m.main+fp/hard\libg_nano.a(libc_a-findfp.o)
 .text.global_stdio_init.part.0
                0x080053a4       0x40 B:/NARZEDZIA/ST/STM32CubeIDE_2.2.0/STM32CubeIDE/plugins/com.st.stm32cube.ide.mcu.externaltools.gnu-tools-for-stm32.14.3.rel1.win32_1.0.100.202602081740/tools/bin/../lib/gcc/arm-none-eabi/14.3.1/../../../../arm-none-eabi/lib/thumb/v8-m.main+fp/hard\libg_nano.a(libc_a-findfp.o)
 .text.__sfp_lock_acquire
                0x080053e4        0xc B:/NARZEDZIA/ST/STM32CubeIDE_2.2.0/STM32CubeIDE/plugins/com.st.stm32cube.ide.mcu.externaltools.gnu-tools-for-stm32.14.3.rel1.win32_1.0.100.202602081740/tools/bin/../lib/gcc/arm-none-eabi/14.3.1/../../../../arm-none-eabi/lib/thumb/v8-m.main+fp/hard\libg_nano.a(libc_a-findfp.o)
                0x080053e4                __sfp_lock_acquire
 .text.__sfp_lock_release
                0x080053f0        0xc B:/NARZEDZIA/ST/STM32CubeIDE_2.2.0/STM32CubeIDE/plugins/com.st.stm32cube.ide.mcu.externaltools.gnu-tools-for-stm32.14.3.rel1.win32_1.0.100.202602081740/tools/bin/../lib/gcc/arm-none-eabi/14.3.1/../../../../arm-none-eabi/lib/thumb/v8-m.main+fp/hard\libg_nano.a(libc_a-findfp.o)
                0x080053f0                __sfp_lock_release
 .text.__sinit  0x080053fc       0x30 B:/NARZEDZIA/ST/STM32CubeIDE_2.2.0/STM32CubeIDE/plugins/com.st.stm32cube.ide.mcu.externaltools.gnu-tools-for-stm32.14.3.rel1.win32_1.0.100.202602081740/tools/bin/../lib/gcc/arm-none-eabi/14.3.1/../../../../arm-none-eabi/lib/thumb/v8-m.main+fp/hard\libg_nano.a(libc_a-findfp.o)
                0x080053fc                __sinit
 .text._fwalk_sglue
                0x0800542c       0x3c B:/NARZEDZIA/ST/STM32CubeIDE_2.2.0/STM32CubeIDE/plugins/com.st.stm32cube.ide.mcu.externaltools.gnu-tools-for-stm32.14.3.rel1.win32_1.0.100.202602081740/tools/bin/../lib/gcc/arm-none-eabi/14.3.1/../../../../arm-none-eabi/lib/thumb/v8-m.main+fp/hard\libg_nano.a(libc_a-fwalk.o)
                0x0800542c                _fwalk_sglue
 .text.printf   0x08005468       0x24 B:/NARZEDZIA/ST/STM32CubeIDE_2.2.0/STM32CubeIDE/plugins/com.st.stm32cube.ide.mcu.externaltools.gnu-tools-for-stm32.14.3.rel1.win32_1.0.100.202602081740/tools/bin/../lib/gcc/arm-none-eabi/14.3.1/../../../../arm-none-eabi/lib/thumb/v8-m.main+fp/hard\libg_nano.a(libc_a-printf.o)
                0x08005468                iprintf
                0x08005468                printf
 .text._puts_r  0x0800548c       0xaa B:/NARZEDZIA/ST/STM32CubeIDE_2.2.0/STM32CubeIDE/plugins/com.st.stm32cube.ide.mcu.externaltools.gnu-tools-for-stm32.14.3.rel1.win32_1.0.100.202602081740/tools/bin/../lib/gcc/arm-none-eabi/14.3.1/../../../../arm-none-eabi/lib/thumb/v8-m.main+fp/hard\libg_nano.a(libc_a-puts.o)
                0x0800548c                _puts_r
 *fill*         0x08005536        0x2 
 .text.puts     0x08005538       0x10 B:/NARZEDZIA/ST/STM32CubeIDE_2.2.0/STM32CubeIDE/plugins/com.st.stm32cube.ide.mcu.externaltools.gnu-tools-for-stm32.14.3.rel1.win32_1.0.100.202602081740/tools/bin/../lib/gcc/arm-none-eabi/14.3.1/../../../../arm-none-eabi/lib/thumb/v8-m.main+fp/hard\libg_nano.a(libc_a-puts.o)
                0x08005538                puts
 .text.__sread  0x08005548       0x22 B:/NARZEDZIA/ST/STM32CubeIDE_2.2.0/STM32CubeIDE/plugins/com.st.stm32cube.ide.mcu.externaltools.gnu-tools-for-stm32.14.3.rel1.win32_1.0.100.202602081740/tools/bin/../lib/gcc/arm-none-eabi/14.3.1/../../../../arm-none-eabi/lib/thumb/v8-m.main+fp/hard\libg_nano.a(libc_a-stdio.o)
                0x08005548                __sread
 .text.__swrite
                0x0800556a       0x38 B:/NARZEDZIA/ST/STM32CubeIDE_2.2.0/STM32CubeIDE/plugins/com.st.stm32cube.ide.mcu.externaltools.gnu-tools-for-stm32.14.3.rel1.win32_1.0.100.202602081740/tools/bin/../lib/gcc/arm-none-eabi/14.3.1/../../../../arm-none-eabi/lib/thumb/v8-m.main+fp/hard\libg_nano.a(libc_a-stdio.o)
                0x0800556a                __swrite
 .text.__sseek  0x080055a2       0x26 B:/NARZEDZIA/ST/STM32CubeIDE_2.2.0/STM32CubeIDE/plugins/com.st.stm32cube.ide.mcu.externaltools.gnu-tools-for-stm32.14.3.rel1.win32_1.0.100.202602081740/tools/bin/../lib/gcc/arm-none-eabi/14.3.1/../../../../arm-none-eabi/lib/thumb/v8-m.main+fp/hard\libg_nano.a(libc_a-stdio.o)
                0x080055a2                __sseek
 .text.__sclose
                0x080055c8        0x8 B:/NARZEDZIA/ST/STM32CubeIDE_2.2.0/STM32CubeIDE/plugins/com.st.stm32cube.ide.mcu.externaltools.gnu-tools-for-stm32.14.3.rel1.win32_1.0.100.202602081740/tools/bin/../lib/gcc/arm-none-eabi/14.3.1/../../../../arm-none-eabi/lib/thumb/v8-m.main+fp/hard\libg_nano.a(libc_a-stdio.o)
                0x080055c8                __sclose
 .text.__swbuf_r
                0x080055d0       0x7c B:/NARZEDZIA/ST/STM32CubeIDE_2.2.0/STM32CubeIDE/plugins/com.st.stm32cube.ide.mcu.externaltools.gnu-tools-for-stm32.14.3.rel1.win32_1.0.100.202602081740/tools/bin/../lib/gcc/arm-none-eabi/14.3.1/../../../../arm-none-eabi/lib/thumb/v8-m.main+fp/hard\libg_nano.a(libc_a-wbuf.o)
                0x080055d0                __swbuf_r
 .text.__swsetup_r
                0x0800564c       0xa8 B:/NARZEDZIA/ST/STM32CubeIDE_2.2.0/STM32CubeIDE/plugins/com.st.stm32cube.ide.mcu.externaltools.gnu-tools-for-stm32.14.3.rel1.win32_1.0.100.202602081740/tools/bin/../lib/gcc/arm-none-eabi/14.3.1/../../../../arm-none-eabi/lib/thumb/v8-m.main+fp/hard\libg_nano.a(libc_a-wsetup.o)
                0x0800564c                __swsetup_r
 .text.memset   0x080056f4       0x10 B:/NARZEDZIA/ST/STM32CubeIDE_2.2.0/STM32CubeIDE/plugins/com.st.stm32cube.ide.mcu.externaltools.gnu-tools-for-stm32.14.3.rel1.win32_1.0.100.202602081740/tools/bin/../lib/gcc/arm-none-eabi/14.3.1/../../../../arm-none-eabi/lib/thumb/v8-m.main+fp/hard\libg_nano.a(libc_a-memset.o)
                0x080056f4                memset
 .text._close_r
                0x08005704       0x20 B:/NARZEDZIA/ST/STM32CubeIDE_2.2.0/STM32CubeIDE/plugins/com.st.stm32cube.ide.mcu.externaltools.gnu-tools-for-stm32.14.3.rel1.win32_1.0.100.202602081740/tools/bin/../lib/gcc/arm-none-eabi/14.3.1/../../../../arm-none-eabi/lib/thumb/v8-m.main+fp/hard\libg_nano.a(libc_a-closer.o)
                0x08005704                _close_r
 .text._lseek_r
                0x08005724       0x24 B:/NARZEDZIA/ST/STM32CubeIDE_2.2.0/STM32CubeIDE/plugins/com.st.stm32cube.ide.mcu.externaltools.gnu-tools-for-stm32.14.3.rel1.win32_1.0.100.202602081740/tools/bin/../lib/gcc/arm-none-eabi/14.3.1/../../../../arm-none-eabi/lib/thumb/v8-m.main+fp/hard\libg_nano.a(libc_a-lseekr.o)
                0x08005724                _lseek_r
 .text._read_r  0x08005748       0x24 B:/NARZEDZIA/ST/STM32CubeIDE_2.2.0/STM32CubeIDE/plugins/com.st.stm32cube.ide.mcu.externaltools.gnu-tools-for-stm32.14.3.rel1.win32_1.0.100.202602081740/tools/bin/../lib/gcc/arm-none-eabi/14.3.1/../../../../arm-none-eabi/lib/thumb/v8-m.main+fp/hard\libg_nano.a(libc_a-readr.o)
                0x08005748                _read_r
 .text._write_r
                0x0800576c       0x24 B:/NARZEDZIA/ST/STM32CubeIDE_2.2.0/STM32CubeIDE/plugins/com.st.stm32cube.ide.mcu.externaltools.gnu-tools-for-stm32.14.3.rel1.win32_1.0.100.202602081740/tools/bin/../lib/gcc/arm-none-eabi/14.3.1/../../../../arm-none-eabi/lib/thumb/v8-m.main+fp/hard\libg_nano.a(libc_a-writer.o)
                0x0800576c                _write_r
 .text.__errno  0x08005790        0xc B:/NARZEDZIA/ST/STM32CubeIDE_2.2.0/STM32CubeIDE/plugins/com.st.stm32cube.ide.mcu.externaltools.gnu-tools-for-stm32.14.3.rel1.win32_1.0.100.202602081740/tools/bin/../lib/gcc/arm-none-eabi/14.3.1/../../../../arm-none-eabi/lib/thumb/v8-m.main+fp/hard\libg_nano.a(libc_a-errno.o)
                0x08005790                __errno
 .text.__libc_init_array
                0x0800579c       0x48 B:/NARZEDZIA/ST/STM32CubeIDE_2.2.0/STM32CubeIDE/plugins/com.st.stm32cube.ide.mcu.externaltools.gnu-tools-for-stm32.14.3.rel1.win32_1.0.100.202602081740/tools/bin/../lib/gcc/arm-none-eabi/14.3.1/../../../../arm-none-eabi/lib/thumb/v8-m.main+fp/hard\libg_nano.a(libc_a-init.o)
                0x0800579c                __libc_init_array
 .text.__retarget_lock_init_recursive
                0x080057e4        0x2 B:/NARZEDZIA/ST/STM32CubeIDE_2.2.0/STM32CubeIDE/plugins/com.st.stm32cube.ide.mcu.externaltools.gnu-tools-for-stm32.14.3.rel1.win32_1.0.100.202602081740/tools/bin/../lib/gcc/arm-none-eabi/14.3.1/../../../../arm-none-eabi/lib/thumb/v8-m.main+fp/hard\libg_nano.a(libc_a-lock.o)
                0x080057e4                __retarget_lock_init_recursive
 .text.__retarget_lock_acquire_recursive
                0x080057e6        0x2 B:/NARZEDZIA/ST/STM32CubeIDE_2.2.0/STM32CubeIDE/plugins/com.st.stm32cube.ide.mcu.externaltools.gnu-tools-for-stm32.14.3.rel1.win32_1.0.100.202602081740/tools/bin/../lib/gcc/arm-none-eabi/14.3.1/../../../../arm-none-eabi/lib/thumb/v8-m.main+fp/hard\libg_nano.a(libc_a-lock.o)
                0x080057e6                __retarget_lock_acquire_recursive
 .text.__retarget_lock_release_recursive
                0x080057e8        0x2 B:/NARZEDZIA/ST/STM32CubeIDE_2.2.0/STM32CubeIDE/plugins/com.st.stm32cube.ide.mcu.externaltools.gnu-tools-for-stm32.14.3.rel1.win32_1.0.100.202602081740/tools/bin/../lib/gcc/arm-none-eabi/14.3.1/../../../../arm-none-eabi/lib/thumb/v8-m.main+fp/hard\libg_nano.a(libc_a-lock.o)
                0x080057e8                __retarget_lock_release_recursive
 *fill*         0x080057ea        0x2 
 .text._free_r  0x080057ec       0x94 B:/NARZEDZIA/ST/STM32CubeIDE_2.2.0/STM32CubeIDE/plugins/com.st.stm32cube.ide.mcu.externaltools.gnu-tools-for-stm32.14.3.rel1.win32_1.0.100.202602081740/tools/bin/../lib/gcc/arm-none-eabi/14.3.1/../../../../arm-none-eabi/lib/thumb/v8-m.main+fp/hard\libg_nano.a(libc_a-freer.o)
                0x080057ec                _free_r
 .text.sbrk_aligned
                0x08005880       0x44 B:/NARZEDZIA/ST/STM32CubeIDE_2.2.0/STM32CubeIDE/plugins/com.st.stm32cube.ide.mcu.externaltools.gnu-tools-for-stm32.14.3.rel1.win32_1.0.100.202602081740/tools/bin/../lib/gcc/arm-none-eabi/14.3.1/../../../../arm-none-eabi/lib/thumb/v8-m.main+fp/hard\libg_nano.a(libc_a-mallocr.o)
 .text._malloc_r
                0x080058c4      0x100 B:/NARZEDZIA/ST/STM32CubeIDE_2.2.0/STM32CubeIDE/plugins/com.st.stm32cube.ide.mcu.externaltools.gnu-tools-for-stm32.14.3.rel1.win32_1.0.100.202602081740/tools/bin/../lib/gcc/arm-none-eabi/14.3.1/../../../../arm-none-eabi/lib/thumb/v8-m.main+fp/hard\libg_nano.a(libc_a-mallocr.o)
                0x080058c4                _malloc_r
 .text.__malloc_lock
                0x080059c4        0xc B:/NARZEDZIA/ST/STM32CubeIDE_2.2.0/STM32CubeIDE/plugins/com.st.stm32cube.ide.mcu.externaltools.gnu-tools-for-stm32.14.3.rel1.win32_1.0.100.202602081740/tools/bin/../lib/gcc/arm-none-eabi/14.3.1/../../../../arm-none-eabi/lib/thumb/v8-m.main+fp/hard\libg_nano.a(libc_a-mlock.o)
                0x080059c4                __malloc_lock
 .text.__malloc_unlock
                0x080059d0        0xc B:/NARZEDZIA/ST/STM32CubeIDE_2.2.0/STM32CubeIDE/plugins/com.st.stm32cube.ide.mcu.externaltools.gnu-tools-for-stm32.14.3.rel1.win32_1.0.100.202602081740/tools/bin/../lib/gcc/arm-none-eabi/14.3.1/../../../../arm-none-eabi/lib/thumb/v8-m.main+fp/hard\libg_nano.a(libc_a-mlock.o)
                0x080059d0                __malloc_unlock
 .text.__sfputc_r
                0x080059dc       0x2e B:/NARZEDZIA/ST/STM32CubeIDE_2.2.0/STM32CubeIDE/plugins/com.st.stm32cube.ide.mcu.externaltools.gnu-tools-for-stm32.14.3.rel1.win32_1.0.100.202602081740/tools/bin/../lib/gcc/arm-none-eabi/14.3.1/../../../../arm-none-eabi/lib/thumb/v8-m.main+fp/hard\libg_nano.a(libc_a-nano-vfprintf.o)
 .text.__sfputs_r
                0x08005a0a       0x24 B:/NARZEDZIA/ST/STM32CubeIDE_2.2.0/STM32CubeIDE/plugins/com.st.stm32cube.ide.mcu.externaltools.gnu-tools-for-stm32.14.3.rel1.win32_1.0.100.202602081740/tools/bin/../lib/gcc/arm-none-eabi/14.3.1/../../../../arm-none-eabi/lib/thumb/v8-m.main+fp/hard\libg_nano.a(libc_a-nano-vfprintf.o)
                0x08005a0a                __sfputs_r
 *fill*         0x08005a2e        0x2 
 .text._vfprintf_r
                0x08005a30      0x228 B:/NARZEDZIA/ST/STM32CubeIDE_2.2.0/STM32CubeIDE/plugins/com.st.stm32cube.ide.mcu.externaltools.gnu-tools-for-stm32.14.3.rel1.win32_1.0.100.202602081740/tools/bin/../lib/gcc/arm-none-eabi/14.3.1/../../../../arm-none-eabi/lib/thumb/v8-m.main+fp/hard\libg_nano.a(libc_a-nano-vfprintf.o)
                0x08005a30                _vfprintf_r
                0x08005a30                _vfiprintf_r
 .text._printf_common
                0x08005c58       0xe4 B:/NARZEDZIA/ST/STM32CubeIDE_2.2.0/STM32CubeIDE/plugins/com.st.stm32cube.ide.mcu.externaltools.gnu-tools-for-stm32.14.3.rel1.win32_1.0.100.202602081740/tools/bin/../lib/gcc/arm-none-eabi/14.3.1/../../../../arm-none-eabi/lib/thumb/v8-m.main+fp/hard\libg_nano.a(libc_a-nano-vfprintf_i.o)
                0x08005c58                _printf_common
 .text._printf_i
                0x08005d3c      0x24c B:/NARZEDZIA/ST/STM32CubeIDE_2.2.0/STM32CubeIDE/plugins/com.st.stm32cube.ide.mcu.externaltools.gnu-tools-for-stm32.14.3.rel1.win32_1.0.100.202602081740/tools/bin/../lib/gcc/arm-none-eabi/14.3.1/../../../../arm-none-eabi/lib/thumb/v8-m.main+fp/hard\libg_nano.a(libc_a-nano-vfprintf_i.o)
                0x08005d3c                _printf_i
 .text.__sflush_r
                0x08005f88      0x100 B:/NARZEDZIA/ST/STM32CubeIDE_2.2.0/STM32CubeIDE/plugins/com.st.stm32cube.ide.mcu.externaltools.gnu-tools-for-stm32.14.3.rel1.win32_1.0.100.202602081740/tools/bin/../lib/gcc/arm-none-eabi/14.3.1/../../../../arm-none-eabi/lib/thumb/v8-m.main+fp/hard\libg_nano.a(libc_a-fflush.o)
                0x08005f88                __sflush_r
 .text._fflush_r
                0x08006088       0x50 B:/NARZEDZIA/ST/STM32CubeIDE_2.2.0/STM32CubeIDE/plugins/com.st.stm32cube.ide.mcu.externaltools.gnu-tools-for-stm32.14.3.rel1.win32_1.0.100.202602081740/tools/bin/../lib/gcc/arm-none-eabi/14.3.1/../../../../arm-none-eabi/lib/thumb/v8-m.main+fp/hard\libg_nano.a(libc_a-fflush.o)
                0x08006088                _fflush_r
 .text.__swhatbuf_r
                0x080060d8       0x48 B:/NARZEDZIA/ST/STM32CubeIDE_2.2.0/STM32CubeIDE/plugins/com.st.stm32cube.ide.mcu.externaltools.gnu-tools-for-stm32.14.3.rel1.win32_1.0.100.202602081740/tools/bin/../lib/gcc/arm-none-eabi/14.3.1/../../../../arm-none-eabi/lib/thumb/v8-m.main+fp/hard\libg_nano.a(libc_a-makebuf.o)
                0x080060d8                __swhatbuf_r
 .text.__smakebuf_r
                0x08006120       0x72 B:/NARZEDZIA/ST/STM32CubeIDE_2.2.0/STM32CubeIDE/plugins/com.st.stm32cube.ide.mcu.externaltools.gnu-tools-for-stm32.14.3.rel1.win32_1.0.100.202602081740/tools/bin/../lib/gcc/arm-none-eabi/14.3.1/../../../../arm-none-eabi/lib/thumb/v8-m.main+fp/hard\libg_nano.a(libc_a-makebuf.o)
                0x08006120                __smakebuf_r
 *fill*         0x08006192        0x2 
 .text._fstat_r
                0x08006194       0x24 B:/NARZEDZIA/ST/STM32CubeIDE_2.2.0/STM32CubeIDE/plugins/com.st.stm32cube.ide.mcu.externaltools.gnu-tools-for-stm32.14.3.rel1.win32_1.0.100.202602081740/tools/bin/../lib/gcc/arm-none-eabi/14.3.1/../../../../arm-none-eabi/lib/thumb/v8-m.main+fp/hard\libg_nano.a(libc_a-fstatr.o)
                0x08006194                _fstat_r
 .text._isatty_r
                0x080061b8       0x20 B:/NARZEDZIA/ST/STM32CubeIDE_2.2.0/STM32CubeIDE/plugins/com.st.stm32cube.ide.mcu.externaltools.gnu-tools-for-stm32.14.3.rel1.win32_1.0.100.202602081740/tools/bin/../lib/gcc/arm-none-eabi/14.3.1/../../../../arm-none-eabi/lib/thumb/v8-m.main+fp/hard\libg_nano.a(libc_a-isattyr.o)
                0x080061b8                _isatty_r
 .text._sbrk_r  0x080061d8       0x20 B:/NARZEDZIA/ST/STM32CubeIDE_2.2.0/STM32CubeIDE/plugins/com.st.stm32cube.ide.mcu.externaltools.gnu-tools-for-stm32.14.3.rel1.win32_1.0.100.202602081740/tools/bin/../lib/gcc/arm-none-eabi/14.3.1/../../../../arm-none-eabi/lib/thumb/v8-m.main+fp/hard\libg_nano.a(libc_a-sbrkr.o)
                0x080061d8                _sbrk_r
 .text.memchr   0x080061f8       0x1c B:/NARZEDZIA/ST/STM32CubeIDE_2.2.0/STM32CubeIDE/plugins/com.st.stm32cube.ide.mcu.externaltools.gnu-tools-for-stm32.14.3.rel1.win32_1.0.100.202602081740/tools/bin/../lib/gcc/arm-none-eabi/14.3.1/../../../../arm-none-eabi/lib/thumb/v8-m.main+fp/hard\libg_nano.a(libc_a-memchr-stub.o)
                0x080061f8                memchr
 *(.glue_7)
 .glue_7        0x08006214        0x0 linker stubs
 *(.glue_7t)
 .glue_7t       0x08006214        0x0 linker stubs
 *(.eh_frame)
 .eh_frame      0x08006214        0x0 B:/NARZEDZIA/ST/STM32CubeIDE_2.2.0/STM32CubeIDE/plugins/com.st.stm32cube.ide.mcu.externaltools.gnu-tools-for-stm32.14.3.rel1.win32_1.0.100.202602081740/tools/bin/../lib/gcc/arm-none-eabi/14.3.1/thumb/v8-m.main+fp/hard/crtbegin.o
 *(.init)
 .init          0x08006214        0x4 B:/NARZEDZIA/ST/STM32CubeIDE_2.2.0/STM32CubeIDE/plugins/com.st.stm32cube.ide.mcu.externaltools.gnu-tools-for-stm32.14.3.rel1.win32_1.0.100.202602081740/tools/bin/../lib/gcc/arm-none-eabi/14.3.1/thumb/v8-m.main+fp/hard/crti.o
                0x08006214                _init
 .init          0x08006218        0x8 B:/NARZEDZIA/ST/STM32CubeIDE_2.2.0/STM32CubeIDE/plugins/com.st.stm32cube.ide.mcu.externaltools.gnu-tools-for-stm32.14.3.rel1.win32_1.0.100.202602081740/tools/bin/../lib/gcc/arm-none-eabi/14.3.1/thumb/v8-m.main+fp/hard/crtn.o
 *(.fini)
 .fini          0x08006220        0x4 B:/NARZEDZIA/ST/STM32CubeIDE_2.2.0/STM32CubeIDE/plugins/com.st.stm32cube.ide.mcu.externaltools.gnu-tools-for-stm32.14.3.rel1.win32_1.0.100.202602081740/tools/bin/../lib/gcc/arm-none-eabi/14.3.1/thumb/v8-m.main+fp/hard/crti.o
                0x08006220                _fini
 .fini          0x08006224        0x8 B:/NARZEDZIA/ST/STM32CubeIDE_2.2.0/STM32CubeIDE/plugins/com.st.stm32cube.ide.mcu.externaltools.gnu-tools-for-stm32.14.3.rel1.win32_1.0.100.202602081740/tools/bin/../lib/gcc/arm-none-eabi/14.3.1/thumb/v8-m.main+fp/hard/crtn.o
                0x0800622c                        . = ALIGN (0x4)
                0x0800622c                        _etext = .

.vfp11_veneer   0x0800622c        0x0
 .vfp11_veneer  0x0800622c        0x0 linker stubs

.v4_bx          0x0800622c        0x0
 .v4_bx         0x0800622c        0x0 linker stubs

.iplt           0x0800622c        0x0
 .iplt          0x0800622c        0x0 B:/NARZEDZIA/ST/STM32CubeIDE_2.2.0/STM32CubeIDE/plugins/com.st.stm32cube.ide.mcu.externaltools.gnu-tools-for-stm32.14.3.rel1.win32_1.0.100.202602081740/tools/bin/../lib/gcc/arm-none-eabi/14.3.1/thumb/v8-m.main+fp/hard/crtbegin.o

.rodata         0x0800622c       0xc4
                0x0800622c                        . = ALIGN (0x4)
 *(.rodata)
 .rodata        0x0800622c       0x44 CMakeFiles/embedded-vehicle-telemetry.dir/Core/Src/main.c.obj
 .rodata        0x08006270        0x9 L76X/libl76x_lib.a(L76X.c.obj)
 *(.rodata*)
 *fill*         0x08006279        0x3 
 .rodata.AHBPrescTable
                0x0800627c       0x10 cmake/stm32cubemx/CMakeFiles/STM32_Drivers.dir/__/__/Core/Src/system_stm32u3xx.c.obj
                0x0800627c                AHBPrescTable
 .rodata.APBPrescTable
                0x0800628c        0x8 cmake/stm32cubemx/CMakeFiles/STM32_Drivers.dir/__/__/Core/Src/system_stm32u3xx.c.obj
                0x0800628c                APBPrescTable
 .rodata.UARTPrescTable
                0x08006294       0x18 cmake/stm32cubemx/CMakeFiles/STM32_Drivers.dir/__/__/Drivers/STM32U3xx_HAL_Driver/Src/stm32u3xx_hal_uart.c.obj
                0x08006294                UARTPrescTable
 .rodata.numerator.1
                0x080062ac        0x8 cmake/stm32cubemx/CMakeFiles/STM32_Drivers.dir/__/__/Drivers/STM32U3xx_HAL_Driver/Src/stm32u3xx_hal_uart_ex.c.obj
 .rodata.denominator.0
                0x080062b4        0x8 cmake/stm32cubemx/CMakeFiles/STM32_Drivers.dir/__/__/Drivers/STM32U3xx_HAL_Driver/Src/stm32u3xx_hal_uart_ex.c.obj
 .rodata._vfprintf_r.str1.1
                0x080062bc       0x33 B:/NARZEDZIA/ST/STM32CubeIDE_2.2.0/STM32CubeIDE/plugins/com.st.stm32cube.ide.mcu.externaltools.gnu-tools-for-stm32.14.3.rel1.win32_1.0.100.202602081740/tools/bin/../lib/gcc/arm-none-eabi/14.3.1/../../../../arm-none-eabi/lib/thumb/v8-m.main+fp/hard\libg_nano.a(libc_a-nano-vfprintf.o)
                                 0x11 (size before relaxing)
 .rodata._printf_i.str1.1
                0x080062ef       0x22 B:/NARZEDZIA/ST/STM32CubeIDE_2.2.0/STM32CubeIDE/plugins/com.st.stm32cube.ide.mcu.externaltools.gnu-tools-for-stm32.14.3.rel1.win32_1.0.100.202602081740/tools/bin/../lib/gcc/arm-none-eabi/14.3.1/../../../../arm-none-eabi/lib/thumb/v8-m.main+fp/hard\libg_nano.a(libc_a-nano-vfprintf_i.o)
                0x08006314                        . = ALIGN (0x4)
 *fill*         0x080062ef        0x1 

.ARM.extab      0x080062f0        0x0
                0x080062f0                        . = ALIGN (0x4)
 *(.ARM.extab* .gnu.linkonce.armextab.*)
                0x080062f0                        . = ALIGN (0x4)

.ARM            0x080062f0        0x8
                0x080062f0                        . = ALIGN (0x4)
                0x080062f0                        __exidx_start = .
 *(.ARM.exidx*)
 .ARM.exidx     0x080062f0        0x8 B:/NARZEDZIA/ST/STM32CubeIDE_2.2.0/STM32CubeIDE/plugins/com.st.stm32cube.ide.mcu.externaltools.gnu-tools-for-stm32.14.3.rel1.win32_1.0.100.202602081740/tools/bin/../lib/gcc/arm-none-eabi/14.3.1/thumb/v8-m.main+fp/hard\libgcc.a(_udivmoddi4.o)
 .ARM.exidx     0x080062f8        0x0 B:/NARZEDZIA/ST/STM32CubeIDE_2.2.0/STM32CubeIDE/plugins/com.st.stm32cube.ide.mcu.externaltools.gnu-tools-for-stm32.14.3.rel1.win32_1.0.100.202602081740/tools/bin/../lib/gcc/arm-none-eabi/14.3.1/../../../../arm-none-eabi/lib/thumb/v8-m.main+fp/hard\libg_nano.a(libc_a-strlen.o)
                                  0x8 (size before relaxing)
                0x080062f8                        __exidx_end = .
                0x080062f8                        . = ALIGN (0x4)

.preinit_array  0x080062f8        0x0
                0x080062f8                        . = ALIGN (0x4)
                0x080062f8                        PROVIDE (__preinit_array_start = .)
 *(.preinit_array*)
                0x080062f8                        PROVIDE (__preinit_array_end = .)
                0x080062f8                        . = ALIGN (0x4)

.init_array     0x080062f8        0x4
                0x080062f8                        . = ALIGN (0x4)
                0x080062f8                        PROVIDE (__init_array_start = .)
 *(SORT_BY_NAME(.init_array.*))
 *(.init_array*)
 .init_array    0x080062f8        0x4 B:/NARZEDZIA/ST/STM32CubeIDE_2.2.0/STM32CubeIDE/plugins/com.st.stm32cube.ide.mcu.externaltools.gnu-tools-for-stm32.14.3.rel1.win32_1.0.100.202602081740/tools/bin/../lib/gcc/arm-none-eabi/14.3.1/thumb/v8-m.main+fp/hard/crtbegin.o
                0x080062fc                        PROVIDE (__init_array_end = .)
                0x080062fc                        . = ALIGN (0x4)

.fini_array     0x080062fc        0x4
                0x080062fc                        . = ALIGN (0x4)
                [!provide]                        PROVIDE (__fini_array_start = .)
 *(SORT_BY_NAME(.fini_array.*))
 *(.fini_array*)
 .fini_array    0x080062fc        0x4 B:/NARZEDZIA/ST/STM32CubeIDE_2.2.0/STM32CubeIDE/plugins/com.st.stm32cube.ide.mcu.externaltools.gnu-tools-for-stm32.14.3.rel1.win32_1.0.100.202602081740/tools/bin/../lib/gcc/arm-none-eabi/14.3.1/thumb/v8-m.main+fp/hard/crtbegin.o
                [!provide]                        PROVIDE (__fini_array_end = .)
                0x08006300                        . = ALIGN (0x4)
                0x08006300                        _sidata = LOADADDR (.data)

.rel.dyn        0x08006300        0x0
 .rel.iplt      0x08006300        0x0 B:/NARZEDZIA/ST/STM32CubeIDE_2.2.0/STM32CubeIDE/plugins/com.st.stm32cube.ide.mcu.externaltools.gnu-tools-for-stm32.14.3.rel1.win32_1.0.100.202602081740/tools/bin/../lib/gcc/arm-none-eabi/14.3.1/thumb/v8-m.main+fp/hard/crtbegin.o

.data           0x20000000       0x68 load address 0x08006300
                0x20000000                        . = ALIGN (0x4)
                0x20000000                        _sdata = .
 *(.data)
 *(.data*)
 .data.SystemCoreClock
                0x20000000        0x4 cmake/stm32cubemx/CMakeFiles/STM32_Drivers.dir/__/__/Core/Src/system_stm32u3xx.c.obj
                0x20000000                SystemCoreClock
 .data.uwTickPrio
                0x20000004        0x4 cmake/stm32cubemx/CMakeFiles/STM32_Drivers.dir/__/__/Drivers/STM32U3xx_HAL_Driver/Src/stm32u3xx_hal.c.obj
                0x20000004                uwTickPrio
 .data.uwTickFreq
                0x20000008        0x1 cmake/stm32cubemx/CMakeFiles/STM32_Drivers.dir/__/__/Drivers/STM32U3xx_HAL_Driver/Src/stm32u3xx_hal.c.obj
                0x20000008                uwTickFreq
 *fill*         0x20000009        0x3 
 .data.__sglue  0x2000000c        0xc B:/NARZEDZIA/ST/STM32CubeIDE_2.2.0/STM32CubeIDE/plugins/com.st.stm32cube.ide.mcu.externaltools.gnu-tools-for-stm32.14.3.rel1.win32_1.0.100.202602081740/tools/bin/../lib/gcc/arm-none-eabi/14.3.1/../../../../arm-none-eabi/lib/thumb/v8-m.main+fp/hard\libg_nano.a(libc_a-findfp.o)
                0x2000000c                __sglue
 .data._impure_ptr
                0x20000018        0x4 B:/NARZEDZIA/ST/STM32CubeIDE_2.2.0/STM32CubeIDE/plugins/com.st.stm32cube.ide.mcu.externaltools.gnu-tools-for-stm32.14.3.rel1.win32_1.0.100.202602081740/tools/bin/../lib/gcc/arm-none-eabi/14.3.1/../../../../arm-none-eabi/lib/thumb/v8-m.main+fp/hard\libg_nano.a(libc_a-impure.o)
                0x20000018                _impure_ptr
 .data._impure_data
                0x2000001c       0x4c B:/NARZEDZIA/ST/STM32CubeIDE_2.2.0/STM32CubeIDE/plugins/com.st.stm32cube.ide.mcu.externaltools.gnu-tools-for-stm32.14.3.rel1.win32_1.0.100.202602081740/tools/bin/../lib/gcc/arm-none-eabi/14.3.1/../../../../arm-none-eabi/lib/thumb/v8-m.main+fp/hard\libg_nano.a(libc_a-impure.o)
                0x2000001c                _impure_data
 *(.RamFunc)
 *(.RamFunc*)
                0x20000068                        . = ALIGN (0x4)

.igot.plt       0x20000068        0x0 load address 0x08006368
 .igot.plt      0x20000068        0x0 B:/NARZEDZIA/ST/STM32CubeIDE_2.2.0/STM32CubeIDE/plugins/com.st.stm32cube.ide.mcu.externaltools.gnu-tools-for-stm32.14.3.rel1.win32_1.0.100.202602081740/tools/bin/../lib/gcc/arm-none-eabi/14.3.1/thumb/v8-m.main+fp/hard/crtbegin.o

.tdata          0x20000068        0x0 load address 0x08006368
 *(.tdata .tdata.* .gnu.linkonce.td.*)
                0x20000068                        . = ALIGN (0x4)
                0x20000068                        _edata = .
                [!provide]                        PROVIDE (__data_end = .)
                [!provide]                        PROVIDE (__tdata_end = .)
                [!provide]                        PROVIDE (__tdata_start = ADDR (.tdata))
                [!provide]                        PROVIDE (__tdata_size = (__tdata_end - __tdata_start))
                [!provide]                        PROVIDE (__data_start = ADDR (.data))
                [!provide]                        PROVIDE (__data_size = (__data_end - __data_start))
                [!provide]                        PROVIDE (__tdata_source = LOADADDR (.tdata))
                [!provide]                        PROVIDE (__tdata_source_end = (LOADADDR (.tdata) + SIZEOF (.tdata)))
                [!provide]                        PROVIDE (__tdata_source_size = (__tdata_source_end - __tdata_source))
                [!provide]                        PROVIDE (__data_source = LOADADDR (.data))
                [!provide]                        PROVIDE (__data_source_end = __tdata_source_end)
                [!provide]                        PROVIDE (__data_source_size = (__data_source_end - __data_source))

.tbss           0x20000068        0x0 load address 0x08006368
                0x20000068                        _sbss = .
                0x20000068                        __bss_start__ = _sbss
 *(.tbss .tbss.*)
                0x20000068                        . = ALIGN (0x4)
                [!provide]                        PROVIDE (__tbss_end = .)
                [!provide]                        PROVIDE (__tbss_start = ADDR (.tbss))
                [!provide]                        PROVIDE (__tbss_size = (__tbss_end - __tbss_start))
                [!provide]                        PROVIDE (__tbss_offset = (ADDR (.tbss) - ADDR (.tdata)))
                [!provide]                        PROVIDE (__tls_base = __tdata_start)
                [!provide]                        PROVIDE (__tls_end = __tbss_end)
                [!provide]                        PROVIDE (__tls_size = (__tls_end - __tls_base))
                [!provide]                        PROVIDE (__tls_align = MAX (ALIGNOF (.tdata), ALIGNOF (.tbss)))
                [!provide]                        PROVIDE (__tls_size_align = (((__tls_size + __tls_align) - 0x1) & ~ ((__tls_align - 0x1))))
                [!provide]                        PROVIDE (__arm32_tls_tcb_offset = MAX (0x8, __tls_align))
                [!provide]                        PROVIDE (__arm64_tls_tcb_offset = MAX (0x10, __tls_align))

.bss            0x20000068      0xb10 load address 0x08006368
 *(.bss)
 .bss           0x20000068       0x1c B:/NARZEDZIA/ST/STM32CubeIDE_2.2.0/STM32CubeIDE/plugins/com.st.stm32cube.ide.mcu.externaltools.gnu-tools-for-stm32.14.3.rel1.win32_1.0.100.202602081740/tools/bin/../lib/gcc/arm-none-eabi/14.3.1/thumb/v8-m.main+fp/hard/crtbegin.o
 *(.bss*)
 .bss.uwTick    0x20000084        0x4 cmake/stm32cubemx/CMakeFiles/STM32_Drivers.dir/__/__/Drivers/STM32U3xx_HAL_Driver/Src/stm32u3xx_hal.c.obj
                0x20000084                uwTick
 .bss.GPS1      0x20000088       0x28 CMakeFiles/embedded-vehicle-telemetry.dir/Core/Src/main.c.obj
                0x20000088                GPS1
 .bss.hi2c2     0x200000b0       0x54 CMakeFiles/embedded-vehicle-telemetry.dir/Core/Src/i2c.c.obj
                0x200000b0                hi2c2
 .bss.hspi1     0x20000104       0x90 CMakeFiles/embedded-vehicle-telemetry.dir/Core/Src/spi.c.obj
                0x20000104                hspi1
 .bss.huart4    0x20000194       0x94 CMakeFiles/embedded-vehicle-telemetry.dir/Core/Src/usart.c.obj
                0x20000194                huart4
 .bss.__sbrk_heap_end
                0x20000228        0x4 CMakeFiles/embedded-vehicle-telemetry.dir/Core/Src/sysmem.c.obj
 .bss.buff_t    0x2000022c      0x800 L76X/libl76x_lib.a(L76X.c.obj)
 .bss.__sf      0x20000a2c      0x138 B:/NARZEDZIA/ST/STM32CubeIDE_2.2.0/STM32CubeIDE/plugins/com.st.stm32cube.ide.mcu.externaltools.gnu-tools-for-stm32.14.3.rel1.win32_1.0.100.202602081740/tools/bin/../lib/gcc/arm-none-eabi/14.3.1/../../../../arm-none-eabi/lib/thumb/v8-m.main+fp/hard\libg_nano.a(libc_a-findfp.o)
                0x20000a2c                __sf
 .bss.__stdio_exit_handler
                0x20000b64        0x4 B:/NARZEDZIA/ST/STM32CubeIDE_2.2.0/STM32CubeIDE/plugins/com.st.stm32cube.ide.mcu.externaltools.gnu-tools-for-stm32.14.3.rel1.win32_1.0.100.202602081740/tools/bin/../lib/gcc/arm-none-eabi/14.3.1/../../../../arm-none-eabi/lib/thumb/v8-m.main+fp/hard\libg_nano.a(libc_a-findfp.o)
                0x20000b64                __stdio_exit_handler
 .bss.errno     0x20000b68        0x4 B:/NARZEDZIA/ST/STM32CubeIDE_2.2.0/STM32CubeIDE/plugins/com.st.stm32cube.ide.mcu.externaltools.gnu-tools-for-stm32.14.3.rel1.win32_1.0.100.202602081740/tools/bin/../lib/gcc/arm-none-eabi/14.3.1/../../../../arm-none-eabi/lib/thumb/v8-m.main+fp/hard\libg_nano.a(libc_a-reent.o)
                0x20000b68                errno
 .bss.__lock___malloc_recursive_mutex
                0x20000b6c        0x1 B:/NARZEDZIA/ST/STM32CubeIDE_2.2.0/STM32CubeIDE/plugins/com.st.stm32cube.ide.mcu.externaltools.gnu-tools-for-stm32.14.3.rel1.win32_1.0.100.202602081740/tools/bin/../lib/gcc/arm-none-eabi/14.3.1/../../../../arm-none-eabi/lib/thumb/v8-m.main+fp/hard\libg_nano.a(libc_a-lock.o)
                0x20000b6c                __lock___malloc_recursive_mutex
 .bss.__lock___sfp_recursive_mutex
                0x20000b6d        0x1 B:/NARZEDZIA/ST/STM32CubeIDE_2.2.0/STM32CubeIDE/plugins/com.st.stm32cube.ide.mcu.externaltools.gnu-tools-for-stm32.14.3.rel1.win32_1.0.100.202602081740/tools/bin/../lib/gcc/arm-none-eabi/14.3.1/../../../../arm-none-eabi/lib/thumb/v8-m.main+fp/hard\libg_nano.a(libc_a-lock.o)
                0x20000b6d                __lock___sfp_recursive_mutex
 *fill*         0x20000b6e        0x2 
 .bss.__malloc_sbrk_start
                0x20000b70        0x4 B:/NARZEDZIA/ST/STM32CubeIDE_2.2.0/STM32CubeIDE/plugins/com.st.stm32cube.ide.mcu.externaltools.gnu-tools-for-stm32.14.3.rel1.win32_1.0.100.202602081740/tools/bin/../lib/gcc/arm-none-eabi/14.3.1/../../../../arm-none-eabi/lib/thumb/v8-m.main+fp/hard\libg_nano.a(libc_a-mallocr.o)
                0x20000b70                __malloc_sbrk_start
 .bss.__malloc_free_list
                0x20000b74        0x4 B:/NARZEDZIA/ST/STM32CubeIDE_2.2.0/STM32CubeIDE/plugins/com.st.stm32cube.ide.mcu.externaltools.gnu-tools-for-stm32.14.3.rel1.win32_1.0.100.202602081740/tools/bin/../lib/gcc/arm-none-eabi/14.3.1/../../../../arm-none-eabi/lib/thumb/v8-m.main+fp/hard\libg_nano.a(libc_a-mallocr.o)
                0x20000b74                __malloc_free_list
 *(COMMON)
                0x20000b78                        . = ALIGN (0x4)
                0x20000b78                        _ebss = .
                0x20000b78                        __bss_end__ = _ebss
                [!provide]                        PROVIDE (__bss_end = .)
                [!provide]                        PROVIDE (__non_tls_bss_start = ADDR (.bss))
                [!provide]                        PROVIDE (__bss_start = __tbss_start)
                [!provide]                        PROVIDE (__bss_size = (__bss_end - __bss_start))

.HSP_DATA_BRAM  0x200a0000        0x0
                0x200a0000                        __section_static_hsp_data_bram_start__ = .
 *(HSP_DATA_BRAM)
                0x200a0000                        __section_static_hsp_data_bram_end__ = .

._user_heap_stack
                0x20000b78      0x600
                0x20000b78                        . = ALIGN (0x8)
                [!provide]                        PROVIDE (end = .)
                0x20000b78                        PROVIDE (_end = .)
                0x20000d78                        . = (. + _Min_Heap_Size)
 *fill*         0x20000b78      0x200 
                0x20001178                        . = (. + _Min_Stack_Size)
 *fill*         0x20000d78      0x400 
                0x20001178                        . = ALIGN (0x8)

/DISCARD/
 libc.a:*(*)
 libm.a:*(*)
 libgcc.a:*(*)

.ARM.attributes
                0x00000000       0x36
 *(.ARM.attributes)
 .ARM.attributes
                0x00000000       0x26 B:/NARZEDZIA/ST/STM32CubeIDE_2.2.0/STM32CubeIDE/plugins/com.st.stm32cube.ide.mcu.externaltools.gnu-tools-for-stm32.14.3.rel1.win32_1.0.100.202602081740/tools/bin/../lib/gcc/arm-none-eabi/14.3.1/thumb/v8-m.main+fp/hard/crti.o
 .ARM.attributes
                0x00000026       0x38 B:/NARZEDZIA/ST/STM32CubeIDE_2.2.0/STM32CubeIDE/plugins/com.st.stm32cube.ide.mcu.externaltools.gnu-tools-for-stm32.14.3.rel1.win32_1.0.100.202602081740/tools/bin/../lib/gcc/arm-none-eabi/14.3.1/thumb/v8-m.main+fp/hard/crtbegin.o
 .ARM.attributes
                0x0000005e       0x3a cmake/stm32cubemx/CMakeFiles/STM32_Drivers.dir/__/__/Core/Src/system_stm32u3xx.c.obj
 .ARM.attributes
                0x00000098       0x3a cmake/stm32cubemx/CMakeFiles/STM32_Drivers.dir/__/__/Drivers/STM32U3xx_HAL_Driver/Src/stm32u3xx_hal_cortex.c.obj
 .ARM.attributes
                0x000000d2       0x3a cmake/stm32cubemx/CMakeFiles/STM32_Drivers.dir/__/__/Drivers/STM32U3xx_HAL_Driver/Src/stm32u3xx_hal_i2c.c.obj
 .ARM.attributes
                0x0000010c       0x3a cmake/stm32cubemx/CMakeFiles/STM32_Drivers.dir/__/__/Drivers/STM32U3xx_HAL_Driver/Src/stm32u3xx_hal_i2c_ex.c.obj
 .ARM.attributes
                0x00000146       0x3a cmake/stm32cubemx/CMakeFiles/STM32_Drivers.dir/__/__/Drivers/STM32U3xx_HAL_Driver/Src/stm32u3xx_hal.c.obj
 .ARM.attributes
                0x00000180       0x3a cmake/stm32cubemx/CMakeFiles/STM32_Drivers.dir/__/__/Drivers/STM32U3xx_HAL_Driver/Src/stm32u3xx_hal_rcc.c.obj
 .ARM.attributes
                0x000001ba       0x3a cmake/stm32cubemx/CMakeFiles/STM32_Drivers.dir/__/__/Drivers/STM32U3xx_HAL_Driver/Src/stm32u3xx_hal_rcc_ex.c.obj
 .ARM.attributes
                0x000001f4       0x3a cmake/stm32cubemx/CMakeFiles/STM32_Drivers.dir/__/__/Drivers/STM32U3xx_HAL_Driver/Src/stm32u3xx_hal_gpio.c.obj
 .ARM.attributes
                0x0000022e       0x3a cmake/stm32cubemx/CMakeFiles/STM32_Drivers.dir/__/__/Drivers/STM32U3xx_HAL_Driver/Src/stm32u3xx_hal_pwr_ex.c.obj
 .ARM.attributes
                0x00000268       0x3a cmake/stm32cubemx/CMakeFiles/STM32_Drivers.dir/__/__/Drivers/STM32U3xx_HAL_Driver/Src/stm32u3xx_hal_spi.c.obj
 .ARM.attributes
                0x000002a2       0x3a cmake/stm32cubemx/CMakeFiles/STM32_Drivers.dir/__/__/Drivers/STM32U3xx_HAL_Driver/Src/stm32u3xx_hal_spi_ex.c.obj
 .ARM.attributes
                0x000002dc       0x3a cmake/stm32cubemx/CMakeFiles/STM32_Drivers.dir/__/__/Drivers/STM32U3xx_HAL_Driver/Src/stm32u3xx_hal_uart.c.obj
 .ARM.attributes
                0x00000316       0x3a cmake/stm32cubemx/CMakeFiles/STM32_Drivers.dir/__/__/Drivers/STM32U3xx_HAL_Driver/Src/stm32u3xx_hal_uart_ex.c.obj
 .ARM.attributes
                0x00000350       0x3a CMakeFiles/embedded-vehicle-telemetry.dir/Core/Src/main.c.obj
 .ARM.attributes
                0x0000038a       0x3a CMakeFiles/embedded-vehicle-telemetry.dir/Core/Src/gpio.c.obj
 .ARM.attributes
                0x000003c4       0x3a CMakeFiles/embedded-vehicle-telemetry.dir/Core/Src/i2c.c.obj
 .ARM.attributes
                0x000003fe       0x3a CMakeFiles/embedded-vehicle-telemetry.dir/Core/Src/spi.c.obj
 .ARM.attributes
                0x00000438       0x3a CMakeFiles/embedded-vehicle-telemetry.dir/Core/Src/usart.c.obj
 .ARM.attributes
                0x00000472       0x3a CMakeFiles/embedded-vehicle-telemetry.dir/Core/Src/stm32u3xx_it.c.obj
 .ARM.attributes
                0x000004ac       0x3a CMakeFiles/embedded-vehicle-telemetry.dir/Core/Src/stm32u3xx_hal_msp.c.obj
 .ARM.attributes
                0x000004e6       0x3a CMakeFiles/embedded-vehicle-telemetry.dir/Core/Src/sysmem.c.obj
 .ARM.attributes
                0x00000520       0x3a CMakeFiles/embedded-vehicle-telemetry.dir/Core/Src/syscalls.c.obj
 .ARM.attributes
                0x0000055a       0x24 CMakeFiles/embedded-vehicle-telemetry.dir/startup_stm32u3c5xx.s.obj
 .ARM.attributes
                0x0000057e       0x3a L76X/libl76x_lib.a(L76X_DEV_Config.c.obj)
 .ARM.attributes
                0x000005b8       0x3a L76X/libl76x_lib.a(L76X.c.obj)
 .ARM.attributes
                0x000005f2       0x26 B:/NARZEDZIA/ST/STM32CubeIDE_2.2.0/STM32CubeIDE/plugins/com.st.stm32cube.ide.mcu.externaltools.gnu-tools-for-stm32.14.3.rel1.win32_1.0.100.202602081740/tools/bin/../lib/gcc/arm-none-eabi/14.3.1/thumb/v8-m.main+fp/hard\libgcc.a(_arm_addsubdf3.o)
 .ARM.attributes
                0x00000618       0x26 B:/NARZEDZIA/ST/STM32CubeIDE_2.2.0/STM32CubeIDE/plugins/com.st.stm32cube.ide.mcu.externaltools.gnu-tools-for-stm32.14.3.rel1.win32_1.0.100.202602081740/tools/bin/../lib/gcc/arm-none-eabi/14.3.1/thumb/v8-m.main+fp/hard\libgcc.a(_arm_muldivdf3.o)
 .ARM.attributes
                0x0000063e       0x26 B:/NARZEDZIA/ST/STM32CubeIDE_2.2.0/STM32CubeIDE/plugins/com.st.stm32cube.ide.mcu.externaltools.gnu-tools-for-stm32.14.3.rel1.win32_1.0.100.202602081740/tools/bin/../lib/gcc/arm-none-eabi/14.3.1/thumb/v8-m.main+fp/hard\libgcc.a(_arm_fixdfsi.o)
 .ARM.attributes
                0x00000664       0x26 B:/NARZEDZIA/ST/STM32CubeIDE_2.2.0/STM32CubeIDE/plugins/com.st.stm32cube.ide.mcu.externaltools.gnu-tools-for-stm32.14.3.rel1.win32_1.0.100.202602081740/tools/bin/../lib/gcc/arm-none-eabi/14.3.1/thumb/v8-m.main+fp/hard\libgcc.a(_aeabi_uldivmod.o)
 .ARM.attributes
                0x0000068a       0x38 B:/NARZEDZIA/ST/STM32CubeIDE_2.2.0/STM32CubeIDE/plugins/com.st.stm32cube.ide.mcu.externaltools.gnu-tools-for-stm32.14.3.rel1.win32_1.0.100.202602081740/tools/bin/../lib/gcc/arm-none-eabi/14.3.1/thumb/v8-m.main+fp/hard\libgcc.a(_udivmoddi4.o)
 .ARM.attributes
                0x000006c2       0x26 B:/NARZEDZIA/ST/STM32CubeIDE_2.2.0/STM32CubeIDE/plugins/com.st.stm32cube.ide.mcu.externaltools.gnu-tools-for-stm32.14.3.rel1.win32_1.0.100.202602081740/tools/bin/../lib/gcc/arm-none-eabi/14.3.1/thumb/v8-m.main+fp/hard\libgcc.a(_dvmd_tls.o)
 .ARM.attributes
                0x000006e8       0x38 B:/NARZEDZIA/ST/STM32CubeIDE_2.2.0/STM32CubeIDE/plugins/com.st.stm32cube.ide.mcu.externaltools.gnu-tools-for-stm32.14.3.rel1.win32_1.0.100.202602081740/tools/bin/../lib/gcc/arm-none-eabi/14.3.1/../../../../arm-none-eabi/lib/thumb/v8-m.main+fp/hard\libg_nano.a(libc_a-findfp.o)
 .ARM.attributes
                0x00000720       0x38 B:/NARZEDZIA/ST/STM32CubeIDE_2.2.0/STM32CubeIDE/plugins/com.st.stm32cube.ide.mcu.externaltools.gnu-tools-for-stm32.14.3.rel1.win32_1.0.100.202602081740/tools/bin/../lib/gcc/arm-none-eabi/14.3.1/../../../../arm-none-eabi/lib/thumb/v8-m.main+fp/hard\libg_nano.a(libc_a-fwalk.o)
 .ARM.attributes
                0x00000758       0x38 B:/NARZEDZIA/ST/STM32CubeIDE_2.2.0/STM32CubeIDE/plugins/com.st.stm32cube.ide.mcu.externaltools.gnu-tools-for-stm32.14.3.rel1.win32_1.0.100.202602081740/tools/bin/../lib/gcc/arm-none-eabi/14.3.1/../../../../arm-none-eabi/lib/thumb/v8-m.main+fp/hard\libg_nano.a(libc_a-printf.o)
 .ARM.attributes
                0x00000790       0x38 B:/NARZEDZIA/ST/STM32CubeIDE_2.2.0/STM32CubeIDE/plugins/com.st.stm32cube.ide.mcu.externaltools.gnu-tools-for-stm32.14.3.rel1.win32_1.0.100.202602081740/tools/bin/../lib/gcc/arm-none-eabi/14.3.1/../../../../arm-none-eabi/lib/thumb/v8-m.main+fp/hard\libg_nano.a(libc_a-puts.o)
 .ARM.attributes
                0x000007c8       0x38 B:/NARZEDZIA/ST/STM32CubeIDE_2.2.0/STM32CubeIDE/plugins/com.st.stm32cube.ide.mcu.externaltools.gnu-tools-for-stm32.14.3.rel1.win32_1.0.100.202602081740/tools/bin/../lib/gcc/arm-none-eabi/14.3.1/../../../../arm-none-eabi/lib/thumb/v8-m.main+fp/hard\libg_nano.a(libc_a-stdio.o)
 .ARM.attributes
                0x00000800       0x38 B:/NARZEDZIA/ST/STM32CubeIDE_2.2.0/STM32CubeIDE/plugins/com.st.stm32cube.ide.mcu.externaltools.gnu-tools-for-stm32.14.3.rel1.win32_1.0.100.202602081740/tools/bin/../lib/gcc/arm-none-eabi/14.3.1/../../../../arm-none-eabi/lib/thumb/v8-m.main+fp/hard\libg_nano.a(libc_a-wbuf.o)
 .ARM.attributes
                0x00000838       0x38 B:/NARZEDZIA/ST/STM32CubeIDE_2.2.0/STM32CubeIDE/plugins/com.st.stm32cube.ide.mcu.externaltools.gnu-tools-for-stm32.14.3.rel1.win32_1.0.100.202602081740/tools/bin/../lib/gcc/arm-none-eabi/14.3.1/../../../../arm-none-eabi/lib/thumb/v8-m.main+fp/hard\libg_nano.a(libc_a-wsetup.o)
 .ARM.attributes
                0x00000870       0x38 B:/NARZEDZIA/ST/STM32CubeIDE_2.2.0/STM32CubeIDE/plugins/com.st.stm32cube.ide.mcu.externaltools.gnu-tools-for-stm32.14.3.rel1.win32_1.0.100.202602081740/tools/bin/../lib/gcc/arm-none-eabi/14.3.1/../../../../arm-none-eabi/lib/thumb/v8-m.main+fp/hard\libg_nano.a(libc_a-memset.o)
 .ARM.attributes
                0x000008a8       0x38 B:/NARZEDZIA/ST/STM32CubeIDE_2.2.0/STM32CubeIDE/plugins/com.st.stm32cube.ide.mcu.externaltools.gnu-tools-for-stm32.14.3.rel1.win32_1.0.100.202602081740/tools/bin/../lib/gcc/arm-none-eabi/14.3.1/../../../../arm-none-eabi/lib/thumb/v8-m.main+fp/hard\libg_nano.a(libc_a-closer.o)
 .ARM.attributes
                0x000008e0       0x38 B:/NARZEDZIA/ST/STM32CubeIDE_2.2.0/STM32CubeIDE/plugins/com.st.stm32cube.ide.mcu.externaltools.gnu-tools-for-stm32.14.3.rel1.win32_1.0.100.202602081740/tools/bin/../lib/gcc/arm-none-eabi/14.3.1/../../../../arm-none-eabi/lib/thumb/v8-m.main+fp/hard\libg_nano.a(libc_a-reent.o)
 .ARM.attributes
                0x00000918       0x38 B:/NARZEDZIA/ST/STM32CubeIDE_2.2.0/STM32CubeIDE/plugins/com.st.stm32cube.ide.mcu.externaltools.gnu-tools-for-stm32.14.3.rel1.win32_1.0.100.202602081740/tools/bin/../lib/gcc/arm-none-eabi/14.3.1/../../../../arm-none-eabi/lib/thumb/v8-m.main+fp/hard\libg_nano.a(libc_a-impure.o)
 .ARM.attributes
                0x00000950       0x38 B:/NARZEDZIA/ST/STM32CubeIDE_2.2.0/STM32CubeIDE/plugins/com.st.stm32cube.ide.mcu.externaltools.gnu-tools-for-stm32.14.3.rel1.win32_1.0.100.202602081740/tools/bin/../lib/gcc/arm-none-eabi/14.3.1/../../../../arm-none-eabi/lib/thumb/v8-m.main+fp/hard\libg_nano.a(libc_a-lseekr.o)
 .ARM.attributes
                0x00000988       0x38 B:/NARZEDZIA/ST/STM32CubeIDE_2.2.0/STM32CubeIDE/plugins/com.st.stm32cube.ide.mcu.externaltools.gnu-tools-for-stm32.14.3.rel1.win32_1.0.100.202602081740/tools/bin/../lib/gcc/arm-none-eabi/14.3.1/../../../../arm-none-eabi/lib/thumb/v8-m.main+fp/hard\libg_nano.a(libc_a-readr.o)
 .ARM.attributes
                0x000009c0       0x38 B:/NARZEDZIA/ST/STM32CubeIDE_2.2.0/STM32CubeIDE/plugins/com.st.stm32cube.ide.mcu.externaltools.gnu-tools-for-stm32.14.3.rel1.win32_1.0.100.202602081740/tools/bin/../lib/gcc/arm-none-eabi/14.3.1/../../../../arm-none-eabi/lib/thumb/v8-m.main+fp/hard\libg_nano.a(libc_a-writer.o)
 .ARM.attributes
                0x000009f8       0x38 B:/NARZEDZIA/ST/STM32CubeIDE_2.2.0/STM32CubeIDE/plugins/com.st.stm32cube.ide.mcu.externaltools.gnu-tools-for-stm32.14.3.rel1.win32_1.0.100.202602081740/tools/bin/../lib/gcc/arm-none-eabi/14.3.1/../../../../arm-none-eabi/lib/thumb/v8-m.main+fp/hard\libg_nano.a(libc_a-errno.o)
 .ARM.attributes
                0x00000a30       0x38 B:/NARZEDZIA/ST/STM32CubeIDE_2.2.0/STM32CubeIDE/plugins/com.st.stm32cube.ide.mcu.externaltools.gnu-tools-for-stm32.14.3.rel1.win32_1.0.100.202602081740/tools/bin/../lib/gcc/arm-none-eabi/14.3.1/../../../../arm-none-eabi/lib/thumb/v8-m.main+fp/hard\libg_nano.a(libc_a-init.o)
 .ARM.attributes
                0x00000a68       0x38 B:/NARZEDZIA/ST/STM32CubeIDE_2.2.0/STM32CubeIDE/plugins/com.st.stm32cube.ide.mcu.externaltools.gnu-tools-for-stm32.14.3.rel1.win32_1.0.100.202602081740/tools/bin/../lib/gcc/arm-none-eabi/14.3.1/../../../../arm-none-eabi/lib/thumb/v8-m.main+fp/hard\libg_nano.a(libc_a-lock.o)
 .ARM.attributes
                0x00000aa0       0x24 B:/NARZEDZIA/ST/STM32CubeIDE_2.2.0/STM32CubeIDE/plugins/com.st.stm32cube.ide.mcu.externaltools.gnu-tools-for-stm32.14.3.rel1.win32_1.0.100.202602081740/tools/bin/../lib/gcc/arm-none-eabi/14.3.1/../../../../arm-none-eabi/lib/thumb/v8-m.main+fp/hard\libg_nano.a(libc_a-strlen.o)
 .ARM.attributes
                0x00000ac4       0x38 B:/NARZEDZIA/ST/STM32CubeIDE_2.2.0/STM32CubeIDE/plugins/com.st.stm32cube.ide.mcu.externaltools.gnu-tools-for-stm32.14.3.rel1.win32_1.0.100.202602081740/tools/bin/../lib/gcc/arm-none-eabi/14.3.1/../../../../arm-none-eabi/lib/thumb/v8-m.main+fp/hard\libg_nano.a(libc_a-freer.o)
 .ARM.attributes
                0x00000afc       0x38 B:/NARZEDZIA/ST/STM32CubeIDE_2.2.0/STM32CubeIDE/plugins/com.st.stm32cube.ide.mcu.externaltools.gnu-tools-for-stm32.14.3.rel1.win32_1.0.100.202602081740/tools/bin/../lib/gcc/arm-none-eabi/14.3.1/../../../../arm-none-eabi/lib/thumb/v8-m.main+fp/hard\libg_nano.a(libc_a-mallocr.o)
 .ARM.attributes
                0x00000b34       0x38 B:/NARZEDZIA/ST/STM32CubeIDE_2.2.0/STM32CubeIDE/plugins/com.st.stm32cube.ide.mcu.externaltools.gnu-tools-for-stm32.14.3.rel1.win32_1.0.100.202602081740/tools/bin/../lib/gcc/arm-none-eabi/14.3.1/../../../../arm-none-eabi/lib/thumb/v8-m.main+fp/hard\libg_nano.a(libc_a-mlock.o)
 .ARM.attributes
                0x00000b6c       0x38 B:/NARZEDZIA/ST/STM32CubeIDE_2.2.0/STM32CubeIDE/plugins/com.st.stm32cube.ide.mcu.externaltools.gnu-tools-for-stm32.14.3.rel1.win32_1.0.100.202602081740/tools/bin/../lib/gcc/arm-none-eabi/14.3.1/../../../../arm-none-eabi/lib/thumb/v8-m.main+fp/hard\libg_nano.a(libc_a-nano-vfprintf.o)
 .ARM.attributes
                0x00000ba4       0x38 B:/NARZEDZIA/ST/STM32CubeIDE_2.2.0/STM32CubeIDE/plugins/com.st.stm32cube.ide.mcu.externaltools.gnu-tools-for-stm32.14.3.rel1.win32_1.0.100.202602081740/tools/bin/../lib/gcc/arm-none-eabi/14.3.1/../../../../arm-none-eabi/lib/thumb/v8-m.main+fp/hard\libg_nano.a(libc_a-nano-vfprintf_i.o)
 .ARM.attributes
                0x00000bdc       0x38 B:/NARZEDZIA/ST/STM32CubeIDE_2.2.0/STM32CubeIDE/plugins/com.st.stm32cube.ide.mcu.externaltools.gnu-tools-for-stm32.14.3.rel1.win32_1.0.100.202602081740/tools/bin/../lib/gcc/arm-none-eabi/14.3.1/../../../../arm-none-eabi/lib/thumb/v8-m.main+fp/hard\libg_nano.a(libc_a-fflush.o)
 .ARM.attributes
                0x00000c14       0x38 B:/NARZEDZIA/ST/STM32CubeIDE_2.2.0/STM32CubeIDE/plugins/com.st.stm32cube.ide.mcu.externaltools.gnu-tools-for-stm32.14.3.rel1.win32_1.0.100.202602081740/tools/bin/../lib/gcc/arm-none-eabi/14.3.1/../../../../arm-none-eabi/lib/thumb/v8-m.main+fp/hard\libg_nano.a(libc_a-makebuf.o)
 .ARM.attributes
                0x00000c4c       0x38 B:/NARZEDZIA/ST/STM32CubeIDE_2.2.0/STM32CubeIDE/plugins/com.st.stm32cube.ide.mcu.externaltools.gnu-tools-for-stm32.14.3.rel1.win32_1.0.100.202602081740/tools/bin/../lib/gcc/arm-none-eabi/14.3.1/../../../../arm-none-eabi/lib/thumb/v8-m.main+fp/hard\libg_nano.a(libc_a-fstatr.o)
 .ARM.attributes
                0x00000c84       0x38 B:/NARZEDZIA/ST/STM32CubeIDE_2.2.0/STM32CubeIDE/plugins/com.st.stm32cube.ide.mcu.externaltools.gnu-tools-for-stm32.14.3.rel1.win32_1.0.100.202602081740/tools/bin/../lib/gcc/arm-none-eabi/14.3.1/../../../../arm-none-eabi/lib/thumb/v8-m.main+fp/hard\libg_nano.a(libc_a-isattyr.o)
 .ARM.attributes
                0x00000cbc       0x38 B:/NARZEDZIA/ST/STM32CubeIDE_2.2.0/STM32CubeIDE/plugins/com.st.stm32cube.ide.mcu.externaltools.gnu-tools-for-stm32.14.3.rel1.win32_1.0.100.202602081740/tools/bin/../lib/gcc/arm-none-eabi/14.3.1/../../../../arm-none-eabi/lib/thumb/v8-m.main+fp/hard\libg_nano.a(libc_a-sbrkr.o)
 .ARM.attributes
                0x00000cf4       0x38 B:/NARZEDZIA/ST/STM32CubeIDE_2.2.0/STM32CubeIDE/plugins/com.st.stm32cube.ide.mcu.externaltools.gnu-tools-for-stm32.14.3.rel1.win32_1.0.100.202602081740/tools/bin/../lib/gcc/arm-none-eabi/14.3.1/../../../../arm-none-eabi/lib/thumb/v8-m.main+fp/hard\libg_nano.a(libc_a-memchr-stub.o)
 .ARM.attributes
                0x00000d2c       0x26 B:/NARZEDZIA/ST/STM32CubeIDE_2.2.0/STM32CubeIDE/plugins/com.st.stm32cube.ide.mcu.externaltools.gnu-tools-for-stm32.14.3.rel1.win32_1.0.100.202602081740/tools/bin/../lib/gcc/arm-none-eabi/14.3.1/thumb/v8-m.main+fp/hard/crtn.o
OUTPUT(embedded-vehicle-telemetry.elf elf32-littlearm)
LOAD linker stubs

.debug_info     0x00000000    0x28407
 .debug_info    0x00000000      0x8c4 cmake/stm32cubemx/CMakeFiles/STM32_Drivers.dir/__/__/Core/Src/system_stm32u3xx.c.obj
 .debug_info    0x000008c4     0x15fa cmake/stm32cubemx/CMakeFiles/STM32_Drivers.dir/__/__/Drivers/STM32U3xx_HAL_Driver/Src/stm32u3xx_hal_cortex.c.obj
 .debug_info    0x00001ebe     0x268e cmake/stm32cubemx/CMakeFiles/STM32_Drivers.dir/__/__/Drivers/STM32U3xx_HAL_Driver/Src/stm32u3xx_hal_i2c.c.obj
 .debug_info    0x0000454c      0xd5f cmake/stm32cubemx/CMakeFiles/STM32_Drivers.dir/__/__/Drivers/STM32U3xx_HAL_Driver/Src/stm32u3xx_hal_i2c_ex.c.obj
 .debug_info    0x000052ab     0x15b6 cmake/stm32cubemx/CMakeFiles/STM32_Drivers.dir/__/__/Drivers/STM32U3xx_HAL_Driver/Src/stm32u3xx_hal.c.obj
 .debug_info    0x00006861     0x1128 cmake/stm32cubemx/CMakeFiles/STM32_Drivers.dir/__/__/Drivers/STM32U3xx_HAL_Driver/Src/stm32u3xx_hal_rcc.c.obj
 .debug_info    0x00007989      0xf15 cmake/stm32cubemx/CMakeFiles/STM32_Drivers.dir/__/__/Drivers/STM32U3xx_HAL_Driver/Src/stm32u3xx_hal_rcc_ex.c.obj
 .debug_info    0x0000889e      0x9d3 cmake/stm32cubemx/CMakeFiles/STM32_Drivers.dir/__/__/Drivers/STM32U3xx_HAL_Driver/Src/stm32u3xx_hal_gpio.c.obj
 .debug_info    0x00009271      0xed3 cmake/stm32cubemx/CMakeFiles/STM32_Drivers.dir/__/__/Drivers/STM32U3xx_HAL_Driver/Src/stm32u3xx_hal_pwr_ex.c.obj
 .debug_info    0x0000a144     0x1911 cmake/stm32cubemx/CMakeFiles/STM32_Drivers.dir/__/__/Drivers/STM32U3xx_HAL_Driver/Src/stm32u3xx_hal_spi.c.obj
 .debug_info    0x0000ba55      0xdec cmake/stm32cubemx/CMakeFiles/STM32_Drivers.dir/__/__/Drivers/STM32U3xx_HAL_Driver/Src/stm32u3xx_hal_spi_ex.c.obj
 .debug_info    0x0000c841     0x4968 cmake/stm32cubemx/CMakeFiles/STM32_Drivers.dir/__/__/Drivers/STM32U3xx_HAL_Driver/Src/stm32u3xx_hal_uart.c.obj
 .debug_info    0x000111a9     0x15b3 cmake/stm32cubemx/CMakeFiles/STM32_Drivers.dir/__/__/Drivers/STM32U3xx_HAL_Driver/Src/stm32u3xx_hal_uart_ex.c.obj
 .debug_info    0x0001275c     0x14da CMakeFiles/embedded-vehicle-telemetry.dir/Core/Src/main.c.obj
 .debug_info    0x00013c36      0x5fb CMakeFiles/embedded-vehicle-telemetry.dir/Core/Src/gpio.c.obj
 .debug_info    0x00014231      0xfaa CMakeFiles/embedded-vehicle-telemetry.dir/Core/Src/i2c.c.obj
 .debug_info    0x000151db     0x109a CMakeFiles/embedded-vehicle-telemetry.dir/Core/Src/spi.c.obj
 .debug_info    0x00016275     0x1108 CMakeFiles/embedded-vehicle-telemetry.dir/Core/Src/usart.c.obj
 .debug_info    0x0001737d      0x4ca CMakeFiles/embedded-vehicle-telemetry.dir/Core/Src/stm32u3xx_it.c.obj
 .debug_info    0x00017847      0x44b CMakeFiles/embedded-vehicle-telemetry.dir/Core/Src/stm32u3xx_hal_msp.c.obj
 .debug_info    0x00017c92      0x168 CMakeFiles/embedded-vehicle-telemetry.dir/Core/Src/sysmem.c.obj
 .debug_info    0x00017dfa      0x6b4 CMakeFiles/embedded-vehicle-telemetry.dir/Core/Src/syscalls.c.obj
 .debug_info    0x000184ae      0xfe0 L76X/libl76x_lib.a(L76X_DEV_Config.c.obj)
 .debug_info    0x0001948e      0xbd2 L76X/libl76x_lib.a(L76X.c.obj)
 .debug_info    0x0001a060      0xfb2 B:/NARZEDZIA/ST/STM32CubeIDE_2.2.0/STM32CubeIDE/plugins/com.st.stm32cube.ide.mcu.externaltools.gnu-tools-for-stm32.14.3.rel1.win32_1.0.100.202602081740/tools/bin/../lib/gcc/arm-none-eabi/14.3.1/../../../../arm-none-eabi/lib/thumb/v8-m.main+fp/hard\libg_nano.a(libc_a-findfp.o)
 .debug_info    0x0001b012      0x7d2 B:/NARZEDZIA/ST/STM32CubeIDE_2.2.0/STM32CubeIDE/plugins/com.st.stm32cube.ide.mcu.externaltools.gnu-tools-for-stm32.14.3.rel1.win32_1.0.100.202602081740/tools/bin/../lib/gcc/arm-none-eabi/14.3.1/../../../../arm-none-eabi/lib/thumb/v8-m.main+fp/hard\libg_nano.a(libc_a-fwalk.o)
 .debug_info    0x0001b7e4      0x841 B:/NARZEDZIA/ST/STM32CubeIDE_2.2.0/STM32CubeIDE/plugins/com.st.stm32cube.ide.mcu.externaltools.gnu-tools-for-stm32.14.3.rel1.win32_1.0.100.202602081740/tools/bin/../lib/gcc/arm-none-eabi/14.3.1/../../../../arm-none-eabi/lib/thumb/v8-m.main+fp/hard\libg_nano.a(libc_a-printf.o)
 .debug_info    0x0001c025      0x950 B:/NARZEDZIA/ST/STM32CubeIDE_2.2.0/STM32CubeIDE/plugins/com.st.stm32cube.ide.mcu.externaltools.gnu-tools-for-stm32.14.3.rel1.win32_1.0.100.202602081740/tools/bin/../lib/gcc/arm-none-eabi/14.3.1/../../../../arm-none-eabi/lib/thumb/v8-m.main+fp/hard\libg_nano.a(libc_a-puts.o)
 .debug_info    0x0001c975      0xa90 B:/NARZEDZIA/ST/STM32CubeIDE_2.2.0/STM32CubeIDE/plugins/com.st.stm32cube.ide.mcu.externaltools.gnu-tools-for-stm32.14.3.rel1.win32_1.0.100.202602081740/tools/bin/../lib/gcc/arm-none-eabi/14.3.1/../../../../arm-none-eabi/lib/thumb/v8-m.main+fp/hard\libg_nano.a(libc_a-stdio.o)
 .debug_info    0x0001d405      0x874 B:/NARZEDZIA/ST/STM32CubeIDE_2.2.0/STM32CubeIDE/plugins/com.st.stm32cube.ide.mcu.externaltools.gnu-tools-for-stm32.14.3.rel1.win32_1.0.100.202602081740/tools/bin/../lib/gcc/arm-none-eabi/14.3.1/../../../../arm-none-eabi/lib/thumb/v8-m.main+fp/hard\libg_nano.a(libc_a-wbuf.o)
 .debug_info    0x0001dc79      0x7bb B:/NARZEDZIA/ST/STM32CubeIDE_2.2.0/STM32CubeIDE/plugins/com.st.stm32cube.ide.mcu.externaltools.gnu-tools-for-stm32.14.3.rel1.win32_1.0.100.202602081740/tools/bin/../lib/gcc/arm-none-eabi/14.3.1/../../../../arm-none-eabi/lib/thumb/v8-m.main+fp/hard\libg_nano.a(libc_a-wsetup.o)
 .debug_info    0x0001e434       0xe0 B:/NARZEDZIA/ST/STM32CubeIDE_2.2.0/STM32CubeIDE/plugins/com.st.stm32cube.ide.mcu.externaltools.gnu-tools-for-stm32.14.3.rel1.win32_1.0.100.202602081740/tools/bin/../lib/gcc/arm-none-eabi/14.3.1/../../../../arm-none-eabi/lib/thumb/v8-m.main+fp/hard\libg_nano.a(libc_a-memset.o)
 .debug_info    0x0001e514      0x75d B:/NARZEDZIA/ST/STM32CubeIDE_2.2.0/STM32CubeIDE/plugins/com.st.stm32cube.ide.mcu.externaltools.gnu-tools-for-stm32.14.3.rel1.win32_1.0.100.202602081740/tools/bin/../lib/gcc/arm-none-eabi/14.3.1/../../../../arm-none-eabi/lib/thumb/v8-m.main+fp/hard\libg_nano.a(libc_a-closer.o)
 .debug_info    0x0001ec71      0x8a1 B:/NARZEDZIA/ST/STM32CubeIDE_2.2.0/STM32CubeIDE/plugins/com.st.stm32cube.ide.mcu.externaltools.gnu-tools-for-stm32.14.3.rel1.win32_1.0.100.202602081740/tools/bin/../lib/gcc/arm-none-eabi/14.3.1/../../../../arm-none-eabi/lib/thumb/v8-m.main+fp/hard\libg_nano.a(libc_a-reent.o)
 .debug_info    0x0001f512      0x715 B:/NARZEDZIA/ST/STM32CubeIDE_2.2.0/STM32CubeIDE/plugins/com.st.stm32cube.ide.mcu.externaltools.gnu-tools-for-stm32.14.3.rel1.win32_1.0.100.202602081740/tools/bin/../lib/gcc/arm-none-eabi/14.3.1/../../../../arm-none-eabi/lib/thumb/v8-m.main+fp/hard\libg_nano.a(libc_a-impure.o)
 .debug_info    0x0001fc27      0x7a8 B:/NARZEDZIA/ST/STM32CubeIDE_2.2.0/STM32CubeIDE/plugins/com.st.stm32cube.ide.mcu.externaltools.gnu-tools-for-stm32.14.3.rel1.win32_1.0.100.202602081740/tools/bin/../lib/gcc/arm-none-eabi/14.3.1/../../../../arm-none-eabi/lib/thumb/v8-m.main+fp/hard\libg_nano.a(libc_a-lseekr.o)
 .debug_info    0x000203cf      0x7bf B:/NARZEDZIA/ST/STM32CubeIDE_2.2.0/STM32CubeIDE/plugins/com.st.stm32cube.ide.mcu.externaltools.gnu-tools-for-stm32.14.3.rel1.win32_1.0.100.202602081740/tools/bin/../lib/gcc/arm-none-eabi/14.3.1/../../../../arm-none-eabi/lib/thumb/v8-m.main+fp/hard\libg_nano.a(libc_a-readr.o)
 .debug_info    0x00020b8e      0x7c5 B:/NARZEDZIA/ST/STM32CubeIDE_2.2.0/STM32CubeIDE/plugins/com.st.stm32cube.ide.mcu.externaltools.gnu-tools-for-stm32.14.3.rel1.win32_1.0.100.202602081740/tools/bin/../lib/gcc/arm-none-eabi/14.3.1/../../../../arm-none-eabi/lib/thumb/v8-m.main+fp/hard\libg_nano.a(libc_a-writer.o)